Microchip MPLAB XC8 Compiler V2.20

Linker command line:

-W-3 --edf=C:\Program Files\Microchip\xc8\v2.20\pic\dat\en_msgs.txt -cn \
  -h+dist/default/debug\embedded-os-8bits.debug.sym \
  --cmf=dist/default/debug\embedded-os-8bits.debug.cmf -z -Q18F4520 \
  -oC:\Users\Giulio\AppData\Local\Temp\s6fg.2 --defsym=__MPLAB_BUILD=1 \
  -Mdist/default/debug/embedded-os-8bits.debug.map -E1 -ver=XC8 Compiler \
  --acfsm=1493 -ASTACK=03EAh-05FFh -pstack=STACK -ACODE=00h-07FFFh \
  -ACONST=00h-07FFFh -ASMALLCONST=0600h-06FFhx122 \
  -AMEDIUMCONST=0600h-07FFFh -ACOMRAM=01h-07Fh -AABS1=00h-05FFh \
  -ABIGRAM=01h-05FFh -ARAM=080h-0FFh,0100h-01FFhx5 -ABANK0=080h-0FFh \
  -ABANK1=0100h-01FFh -ABANK2=0200h-02FFh -ABANK3=0300h-03FFh \
  -ABANK4=0400h-04FFh -ABANK5=0500h-05FFh -ASFR=0F80h-0FFFh \
  -ACONFIG=0300000h-030000Dh -AIDLOC=0200000h-0200007h \
  -preset_vec=00h,intcode=08h,intcodelo,powerup,init -pramtop=0600h \
  -psmallconst=SMALLCONST -pmediumconst=MEDIUMCONST -pconst=CONST \
  -AFARRAM=00h-00h -AEEDATA=0F00000h-0F000FFh -peeprom_data=EEDATA \
  -prdata=COMRAM,nvrram=COMRAM,nvbit=COMRAM,rbss=COMRAM,rbit=COMRAM \
  -pfarbss=FARRAM,fardata=FARRAM,nvFARRAM=FARRAM \
  -pintsave_regs=BIGRAM,bigbss=BIGRAM,bigdata=BIGRAM -pbss=RAM \
  -pidata=CODE,irdata=CODE,ibigdata=CODE,ifardata=CODE -prparam=COMRAM \
  C:\Users\Giulio\AppData\Local\Temp\s6fg.o \
  dist/default/debug\embedded-os-8bits.debug.o 

Object code version is 3.11

Machine type is 18F4520



                Name                               Link     Load   Length Selector   Space Scale
C:\Users\Giulio\AppData\Local\Temp\s6fg.o
                stack                               3EA      3EA      216      3EA       2
                idloc                            200000   200000        8        0       5
                config                           300000   300000        E        0       4
                init                                  C        C        8        4       0
                reset_vec                             0        0        4        0       0
dist/default/debug\embedded-os-8bits.debug.o
                intcode                               8        8        4        4       0
                idloc                            200000   200000        8        0       5
                config                           300000   300000        E        0       4
                temp                                  1        1       20        1       1
                text16                              A9C      A9C       96        4       0
                text15                              630      630      15E        4       0
                text14                              78E      78E       E8        4       0
                text13                              BC6      BC6       8E        4       0
                text12                              D56      D56        6        4       0
                intcode_body                         14       14      494        4       0
                text10                              B32      B32       94        4       0
                text9                               94E      94E       AA        4       0
                text8                               9F8      9F8       A4        4       0
                text7                               4A8      4A8      188        4       0
                text6                               D50      D50        6        4       0
                text5                               D34      D34       10        4       0
                text4                               D24      D24       10        4       0
                text3                               876      876       D8        4       0
                text2                               CAA      CAA       42        4       0
                text1                               D44      D44        C        4       0
                text0                               CEC      CEC       38        4       0
                cstackCOMRAM                         21       21       1C        1       1
                bssBIGRAM                           1EA      1EA      200      1EA       1
                bssBANK1                            100      100       EA      100       1
                bssBANK0                             80       80       70       80       1
                dataCOMRAM                           47       47        2        1       1
                bssCOMRAM                            3D       3D        A        1       1
                cinit                               C54      C54       56        4       0
                idataCOMRAM                         D5C      D5C        2        4       0

TOTAL           Name                               Link     Load   Length     Space
        CLASS   STACK          
                stack                               3EA      3EA      216         2

        CLASS   CODE           
                intcode                               8        8        4         0
                init                                  C        C        8         0
                reset_vec                             0        0        4         0
                text16                              A9C      A9C       96         0
                text15                              630      630      15E         0
                text14                              78E      78E       E8         0
                text13                              BC6      BC6       8E         0
                text12                              D56      D56        6         0
                intcode_body                         14       14      494         0
                text10                              B32      B32       94         0
                text9                               94E      94E       AA         0
                text8                               9F8      9F8       A4         0
                text7                               4A8      4A8      188         0
                text6                               D50      D50        6         0
                text5                               D34      D34       10         0
                text4                               D24      D24       10         0
                text3                               876      876       D8         0
                text2                               CAA      CAA       42         0
                text1                               D44      D44        C         0
                text0                               CEC      CEC       38         0
                cinit                               C54      C54       56         0
                idataCOMRAM                         D5C      D5C        2         0

        CLASS   CONST          

        CLASS   SMALLCONST     

        CLASS   MEDIUMCONST    

        CLASS   COMRAM         
                temp                                  1        1       20         1
                cstackCOMRAM                         21       21       1C         1
                dataCOMRAM                           47       47        2         1
                bssCOMRAM                            3D       3D        A         1

        CLASS   ABS1           

        CLASS   BIGRAM         
                bssBIGRAM                           1EA      1EA      200         1

        CLASS   RAM            

        CLASS   BANK0          
                bssBANK0                             80       80       70         1

        CLASS   BANK1          
                bssBANK1                            100      100       EA         1

        CLASS   BANK2          

        CLASS   BANK3          

        CLASS   BANK4          

        CLASS   BANK5          

        CLASS   SFR            

        CLASS   CONFIG         
                config                           300000   300000        E         4

        CLASS   IDLOC          
                idloc                            200000   200000        8         5

        CLASS   FARRAM         

        CLASS   EEDATA         



SEGMENTS        Name                           Load    Length   Top    Selector   Space  Class

                reset_vec                      000000  000004  000004         0       0  CODE    
                temp                           000001  000048  000049         1       1  COMRAM  
                intcode                        000008  000D56  000D5E         4       0  CODE    
                bssBANK0                       000080  000070  0000F0        80       1  BANK0   
                bssBANK1                       000100  0000EA  0001EA       100       1  BANK1   
                bssBIGRAM                      0001EA  000200  0003EA       1EA       1  BIGRAM  
                stack                          0003EA  000216  000600       3EA       2  STACK   


UNUSED ADDRESS RANGES

        Name                Unused          Largest block    Delta
        BANK0            0000F0-0000FF               10
        BANK3            0003EA-0003FF               16
        BANK4            000400-0004FF              100
        BANK5            000500-0005FF              100
        BIGRAM           000049-00007F               37
                         0000F0-0000FF               10
                         0003EA-0005FF              216
        CODE             000004-000007                4
                         000D5E-007FFF             72A2
        COMRAM           000049-00007F               37
        CONST            000004-000007                4
                         000D5E-007FFF             72A2
        EEDATA           F00000-F000FF              100
        MEDIUMCONST      000D5E-007FFF             72A2
        RAM              0000F0-0000FF               10
                         0003EA-0005FF              100
        SFR              000F80-000FFF               80
        SMALLCONST       000D5E-007FFF              100

                                  Symbol Table

IRQ_Timer0@clothes       cstackCOMRAM 000031
IRQ_Timer0@clothes_835   cstackCOMRAM 000037
_BSR                     (abs)        000FE0
_INTCON3bits             (abs)        000FF0
_INTCONbits              (abs)        000FF2
_IRQ_Timer0              intcode      000008
_PORTCbits               (abs)        000F82
_PORTDbits               (abs)        000F83
_STATUS                  (abs)        000FD8
_STKPTR                  (abs)        000FFC
_T0CONbits               (abs)        000FD5
_TMR0L                   (abs)        000FD6
_TOS                     (abs)        000FFD
_TRISBbits               (abs)        000F93
_TRISDbits               (abs)        000F95
_WREG                    (abs)        000FE8
__HRAM                   (abs)        000000
__Habs1                  abs1         000000
__Hbank0                 bank0        000000
__Hbank1                 bank1        000000
__Hbank2                 bank2        000000
__Hbank3                 bank3        000000
__Hbank4                 bank4        000000
__Hbank5                 bank5        000000
__Hbigbss                bigbss       000000
__Hbigdata               bigdata      000000
__Hbigram                bigram       000000
__Hbss                   bss          000000
__HbssBANK0              bssBANK0     000000
__HbssBANK1              bssBANK1     000000
__HbssBIGRAM             bssBIGRAM    000000
__HbssCOMRAM             bssCOMRAM    000000
__Hcinit                 cinit        000000
__Hclrtext               clrtext      000000
__Hcomram                comram       000000
__Hconfig                config       30000E
__Hconst                 const        000000
__HcstackCOMRAM          cstackCOMRAM 000000
__Hdata                  data         000000
__HdataCOMRAM            dataCOMRAM   000000
__Heeprom_data           eeprom_data  000000
__Hfarbss                farbss       000000
__Hfardata               fardata      000000
__Hibigdata              ibigdata     000000
__Hidata                 idata        000000
__HidataCOMRAM           idataCOMRAM  000000
__Hidloc                 idloc        200008
__Hifardata              ifardata     000000
__Hinit                  init         000014
__Hintcode               intcode      00000C
__Hintcode_body          intcode_body 000000
__Hintcodelo             intcodelo    00000C
__Hintentry              intentry     000000
__Hintret                intret       000000
__Hintsave_regs          intsave_regs 000000
__Hirdata                irdata       000000
__Hmediumconst           mediumconst  000000
__HnvFARRAM              nvFARRAM     000000
__Hnvbit                 nvbit        000000
__Hnvrram                nvrram       000000
__Hparam                 rparam       000000
__Hpowerup               powerup      00000C
__Hram                   ram          000000
__Hramtop                ramtop       000600
__Hrbit                  rbit         000000
__Hrbss                  rbss         000000
__Hrdata                 rdata        000000
__Hreset_vec             reset_vec    000004
__Hrparam                rparam       000000
__Hsfr                   sfr          000000
__Hsmallconst            smallconst   000000
__Hspace_0               (abs)        000D5E
__Hspace_1               (abs)        0003EA
__Hspace_2               (abs)        000600
__Hspace_4               (abs)        60000E
__Hstack                 stack        000600
__Hstruct                struct       000000
__Htemp                  temp         000021
__Htext                  text         000000
__Htext0                 text0        000000
__Htext1                 text1        000000
__Htext10                text10       000000
__Htext12                text12       000000
__Htext13                text13       000000
__Htext14                text14       000000
__Htext15                text15       000000
__Htext16                text16       000000
__Htext17                text17       000000
__Htext2                 text2        000000
__Htext3                 text3        000000
__Htext4                 text4        000000
__Htext5                 text5        000000
__Htext6                 text6        000000
__Htext7                 text7        000000
__Htext8                 text8        000000
__Htext9                 text9        000000
__LRAM                   (abs)        000001
__Labs1                  abs1         000000
__Lbank0                 bank0        000000
__Lbank1                 bank1        000000
__Lbank2                 bank2        000000
__Lbank3                 bank3        000000
__Lbank4                 bank4        000000
__Lbank5                 bank5        000000
__Lbigbss                bigbss       000000
__Lbigdata               bigdata      000000
__Lbigram                bigram       000000
__Lbss                   bss          000000
__LbssBANK0              bssBANK0     000000
__LbssBANK1              bssBANK1     000000
__LbssBIGRAM             bssBIGRAM    000000
__LbssCOMRAM             bssCOMRAM    000000
__Lcinit                 cinit        000000
__Lclrtext               clrtext      000000
__Lcomram                comram       000000
__Lconfig                config       000000
__Lconst                 const        000000
__LcstackCOMRAM          cstackCOMRAM 000000
__Ldata                  data         000000
__LdataCOMRAM            dataCOMRAM   000000
__Leeprom_data           eeprom_data  000000
__Lfarbss                farbss       000000
__Lfardata               fardata      000000
__Libigdata              ibigdata     000000
__Lidata                 idata        000000
__LidataCOMRAM           idataCOMRAM  000000
__Lidloc                 idloc        000000
__Lifardata              ifardata     000000
__Linit                  init         00000C
__Lintcode               intcode      000008
__Lintcode_body          intcode_body 000000
__Lintcodelo             intcodelo    00000C
__Lintentry              intentry     000000
__Lintret                intret       000000
__Lintsave_regs          intsave_regs 000000
__Lirdata                irdata       000000
__Lmediumconst           mediumconst  000000
__LnvFARRAM              nvFARRAM     000000
__Lnvbit                 nvbit        000000
__Lnvrram                nvrram       000000
__Lparam                 rparam       000000
__Lpowerup               powerup      00000C
__Lram                   ram          000000
__Lramtop                ramtop       000600
__Lrbit                  rbit         000000
__Lrbss                  rbss         000000
__Lrdata                 rdata        000000
__Lreset_vec             reset_vec    000000
__Lrparam                rparam       000000
__Lsfr                   sfr          000000
__Lsmallconst            smallconst   000000
__Lspace_0               (abs)        000000
__Lspace_1               (abs)        000000
__Lspace_2               (abs)        000000
__Lspace_4               (abs)        000000
__Lstack                 stack        0003EA
__Lstruct                struct       000000
__Ltemp                  temp         000001
__Ltext                  text         000000
__Ltext0                 text0        000000
__Ltext1                 text1        000000
__Ltext10                text10       000000
__Ltext12                text12       000000
__Ltext13                text13       000000
__Ltext14                text14       000000
__Ltext15                text15       000000
__Ltext16                text16       000000
__Ltext17                text17       000000
__Ltext2                 text2        000000
__Ltext3                 text3        000000
__Ltext4                 text4        000000
__Ltext5                 text5        000000
__Ltext6                 text6        000000
__Ltext7                 text7        000000
__Ltext8                 text8        000000
__Ltext9                 text9        000000
__S0                     (abs)        000D5E
__S1                     (abs)        0003EA
__S2                     (abs)        000600
__S4                     (abs)        000000
__S5                     (abs)        000000
___inthi_sp              stack        00049C
___intlo_sp              stack        00054E
___lwmod                 text14       00078E
___param_bank            (abs)        000000
___rparam_used           (abs)        000001
___sp                    stack        0003EA
___wmul                  text16       000A9C
__accesstop              (abs)        000080
__activetblptr           (abs)        000000
__end_of_IRQ_Timer0      intcode_body 0004A8
__end_of___lwmod         text14       000876
__end_of___wmul          text16       000B32
__end_of__initialization cinit        000CA4
__end_of_check_ironing   text9        0009F8
__end_of_check_wash      text7        000630
__end_of_config_tasks    text5        000D44
__end_of_controle_delay  text15       00078E
__end_of_main            text0        000D24
__end_of_os_config       text2        000CEC
__end_of_os_start        text1        000D50
__end_of_rr_scheduler    text13       000C54
__end_of_run_ironing     text10       000BC6
__end_of_run_wash        text8        000A9C
__end_of_scheduler       text12       000D5C
__end_of_setup_timer_0   text4        000D34
__end_of_task_create     text3        00094E
__end_of_task_idle       text6        000D56
__initialization         cinit        000C54
__mediumconst            mediumconst  000000
__pbssBANK0              bssBANK0     000080
__pbssBANK1              bssBANK1     000100
__pbssBIGRAM             bssBIGRAM    0001EA
__pbssCOMRAM             bssCOMRAM    00003D
__pcinit                 cinit        000C54
__pcstackCOMRAM          cstackCOMRAM 000021
__pdataCOMRAM            dataCOMRAM   000047
__pidataCOMRAM           idataCOMRAM  000D5C
__pintcode               intcode      000008
__pintcode_body          intcode_body 000014
__ptext0                 text0        000CEC
__ptext1                 text1        000D44
__ptext10                text10       000B32
__ptext12                text12       000D56
__ptext13                text13       000BC6
__ptext14                text14       00078E
__ptext15                text15       000630
__ptext16                text16       000A9C
__ptext17                text17       000000
__ptext2                 text2        000CAA
__ptext3                 text3        000876
__ptext4                 text4        000D24
__ptext5                 text5        000D34
__ptext6                 text6        000D50
__ptext7                 text7        0004A8
__ptext8                 text8        0009F8
__ptext9                 text9        00094E
__ramtop                 ramtop       000600
__size_of_IRQ_Timer0     (abs)        000000
__size_of___lwmod        (abs)        000000
__size_of___wmul         (abs)        000000
__size_of_check_ironing  (abs)        000000
__size_of_check_wash     (abs)        000000
__size_of_config_tasks   (abs)        000000
__size_of_controle_delay (abs)        000000
__size_of_main           (abs)        000000
__size_of_os_config      (abs)        000000
__size_of_os_start       (abs)        000000
__size_of_rr_scheduler   (abs)        000000
__size_of_run_ironing    (abs)        000000
__size_of_run_wash       (abs)        000000
__size_of_scheduler      (abs)        000000
__size_of_setup_timer_0  (abs)        000000
__size_of_task_create    (abs)        000000
__size_of_task_idle      (abs)        000000
__smallconst             smallconst   000000
__uDynamicHeap           bssBIGRAM    0001EA
_check_ironing           text9        00094E
_check_wash              text7        0004A8
_config_tasks            text5        000D34
_controle_delay          text15       000630
_f_aptos                 bssBANK1     000100
_f_clothes               bssBANK0     000080
_i_machine               bssCOMRAM    00003D
_index                   bssCOMRAM    000045
_main                    text0        000CEC
_os_config               text2        000CAA
_os_start                text1        000D44
_quantum                 dataCOMRAM   000047
_rr_scheduler            text13       000BC6
_run_ironing             text10       000B32
_run_wash                text8        0009F8
_scheduler               text12       000D56
_setup_timer_0           text4        000D24
_task_create             text3        000876
_task_idle               text6        000D50
_w_machine               bssCOMRAM    000041
btemp                    temp         000001
end_of_initialization    cinit        000CA4
int_func                 intcode_body 000014
intlevel0                text         000000
intlevel1                text         000000
intlevel2                text         000000
intlevel3                text         000000
lltemp0                  temp         000001
lltemp1                  temp         000009
lltemp2                  temp         000011
lltemp3                  temp         000019
ltemp0                   temp         000001
ltemp1                   temp         000005
ltemp2                   temp         000009
stackhi                  (abs)        0005FF
stacklo                  (abs)        0003EA
start                    init         00000C
start_initialization     cinit        000C54
ttemp0                   temp         000001
ttemp1                   temp         000004
ttemp2                   temp         000007
ttemp3                   temp         00000A
ttemp5                   temp         000002
ttemp6                   temp         000005
ttemp7                   temp         000009
wtemp0                   temp         000001
wtemp1                   temp         000003
wtemp2                   temp         000005
wtemp3                   temp         000007
wtemp4                   temp         000009
wtemp5                   temp         00000B
wtemp8                   temp         000002


FUNCTION INFORMATION:

 *************** function _main *****************
 Defined at:
		line 21 in file "main.c"
 Parameters:    Size  Location     Type
		None
 Auto vars:     Size  Location     Type
		None
 Return value:  Size  Location     Type
                  1  [STACK] void 
 Registers used:
		wreg, fsr0l, fsr0h, fsr1l, fsr1h, fsr2l, fsr2h, status,2, status,0, btemp+8, btemp+9, btemp+10, btemp+11, prodl, prodh
 Tracked objects:
		On entry : 
		On exit  : 
		Unchanged: 
 Data sizes:     COMRAM   BANK0   BANK1   BANK2   BANK3   BANK4   BANK5
      Params:         0       0       0       0       0       0       0
      Locals:         0       0       0       0       0       0       0
      Temps:          0       0       0       0       0       0       0
      Totals:         0       0       0       0       0       0       0
Total ram usage:        0 bytes
 Hardware stack levels required when called:    8
 This function calls:
		_os_config
		_os_start
		_task_create
 This function is called by:
		Startup code after reset
 This function uses a reentrant model


 *************** function _os_start *****************
 Defined at:
		line 68 in file "kernel.c"
 Parameters:    Size  Location     Type
		None
 Auto vars:     Size  Location     Type
		None
 Return value:  Size  Location     Type
                  1  [STACK] void 
 Registers used:
		None
 Tracked objects:
		On entry : 
		On exit  : 
		Unchanged: 
 Data sizes:     COMRAM   BANK0   BANK1   BANK2   BANK3   BANK4   BANK5
      Params:         0       0       0       0       0       0       0
      Locals:         0       0       0       0       0       0       0
      Temps:          0       0       0       0       0       0       0
      Totals:         0       0       0       0       0       0       0
Total ram usage:        0 bytes
 Hardware stack levels used:    1
 Hardware stack levels required when called:    6
 This function calls:
		Nothing
 This function is called by:
		_main
 This function uses a reentrant model


 *************** function _os_config *****************
 Defined at:
		line 87 in file "kernel.c"
 Parameters:    Size  Location     Type
		None
 Auto vars:     Size  Location     Type
		None
 Return value:  Size  Location     Type
                  1  [STACK] void 
 Registers used:
		wreg, fsr0l, fsr0h, fsr1l, fsr1h, fsr2l, fsr2h, status,2, status,0, btemp+8, btemp+9, btemp+10, btemp+11, prodl, prodh
 Tracked objects:
		On entry : 
		On exit  : 
		Unchanged: 
 Data sizes:     COMRAM   BANK0   BANK1   BANK2   BANK3   BANK4   BANK5
      Params:         0       0       0       0       0       0       0
      Locals:         0       0       0       0       0       0       0
      Temps:          0       0       0       0       0       0       0
      Totals:         0       0       0       0       0       0       0
Total ram usage:        0 bytes
 Hardware stack levels used:    1
 Hardware stack levels required when called:    7
 This function calls:
		_config_tasks
		_setup_timer_0
		_task_create
 This function is called by:
		_main
 This function uses a reentrant model


 *************** function _task_create *****************
 Defined at:
		line 50 in file "kernel.c"
 Parameters:    Size  Location     Type
  prior           2  [STACK] unsigned int 
  func            2  [STACK] PTR FTN()void 
		 -> task_idle(1), check_wash(1), check_ironing(1), 
 Auto vars:     Size  Location     Type
  new_task       46  [STACK] struct tcb
 Return value:  Size  Location     Type
                  1  [STACK] void 
 Registers used:
		wreg, fsr0l, fsr0h, fsr1l, fsr1h, fsr2l, fsr2h, status,2, status,0, btemp+8, btemp+9, btemp+10, btemp+11, prodl, prodh
 Tracked objects:
		On entry : 
		On exit  : 
		Unchanged: 
 Data sizes:     COMRAM   BANK0   BANK1   BANK2   BANK3   BANK4   BANK5
      Params:         0       0       0       0       0       0       0
      Locals:         0       0       0       0       0       0       0
      Temps:          0       0       0       0       0       0       0
      Totals:         0       0       0       0       0       0       0
Total ram usage:        0 bytes
 Hardware stack levels used:    1
 Hardware stack levels required when called:    6
 This function calls:
		Nothing
 This function is called by:
		_main
		_os_config
 This function uses a reentrant model


 *************** function _setup_timer_0 *****************
 Defined at:
		line 23 in file "timer.c"
 Parameters:    Size  Location     Type
		None
 Auto vars:     Size  Location     Type
		None
 Return value:  Size  Location     Type
                  1  [STACK] void 
 Registers used:
		wreg, status,2
 Tracked objects:
		On entry : 
		On exit  : 
		Unchanged: 
 Data sizes:     COMRAM   BANK0   BANK1   BANK2   BANK3   BANK4   BANK5
      Params:         0       0       0       0       0       0       0
      Locals:         0       0       0       0       0       0       0
      Temps:          0       0       0       0       0       0       0
      Totals:         0       0       0       0       0       0       0
Total ram usage:        0 bytes
 Hardware stack levels used:    1
 Hardware stack levels required when called:    6
 This function calls:
		Nothing
 This function is called by:
		_os_config
 This function uses a reentrant model


 *************** function _config_tasks *****************
 Defined at:
		line 21 in file "tasks.c"
 Parameters:    Size  Location     Type
		None
 Auto vars:     Size  Location     Type
		None
 Return value:  Size  Location     Type
                  1  [STACK] void 
 Registers used:
		None
 Tracked objects:
		On entry : 
		On exit  : 
		Unchanged: 
 Data sizes:     COMRAM   BANK0   BANK1   BANK2   BANK3   BANK4   BANK5
      Params:         0       0       0       0       0       0       0
      Locals:         0       0       0       0       0       0       0
      Temps:          0       0       0       0       0       0       0
      Totals:         0       0       0       0       0       0       0
Total ram usage:        0 bytes
 Hardware stack levels used:    1
 Hardware stack levels required when called:    6
 This function calls:
		Nothing
 This function is called by:
		_os_config
 This function uses a reentrant model


 *************** function _task_idle *****************
 Defined at:
		line 118 in file "kernel.c"
 Parameters:    Size  Location     Type
		None
 Auto vars:     Size  Location     Type
		None
 Return value:  Size  Location     Type
                  1  [STACK] void 
 Registers used:
		None
 Tracked objects:
		On entry : 
		On exit  : 
		Unchanged: 
 Data sizes:     COMRAM   BANK0   BANK1   BANK2   BANK3   BANK4   BANK5
      Params:         0       0       0       0       0       0       0
      Locals:         0       0       0       0       0       0       0
      Temps:          0       0       0       0       0       0       0
      Totals:         0       0       0       0       0       0       0
Total ram usage:        0 bytes
 Hardware stack levels used:    1
 Hardware stack levels required when called:    4
 This function calls:
		Nothing
 This function is called by:
		_os_config
 This function uses a reentrant model


 *************** function _check_wash *****************
 Defined at:
		line 89 in file "tasks.c"
 Parameters:    Size  Location     Type
		None
 Auto vars:     Size  Location     Type
  i               2  [STACK] int 
  next_clothes    6  [STACK] struct clothes_control
 Return value:  Size  Location     Type
                  1  [STACK] void 
 Registers used:
		wreg, fsr0l, fsr0h, fsr1l, fsr1h, fsr2l, fsr2h, status,2, status,0, btemp, btemp+8, btemp+9, btemp+10, btemp+11, prodl, prodh
 Tracked objects:
		On entry : 
		On exit  : 
		Unchanged: 
 Data sizes:     COMRAM   BANK0   BANK1   BANK2   BANK3   BANK4   BANK5
      Params:         0       0       0       0       0       0       0
      Locals:         0       0       0       0       0       0       0
      Temps:          0       0       0       0       0       0       0
      Totals:         0       0       0       0       0       0       0
Total ram usage:        0 bytes
 Hardware stack levels used:    1
 Hardware stack levels required when called:    5
 This function calls:
		_run_wash
 This function is called by:
		_main
 This function uses a reentrant model


 *************** function _run_wash *****************
 Defined at:
		line 116 in file "tasks.c"
 Parameters:    Size  Location     Type
		None
 Auto vars:     Size  Location     Type
		None
 Return value:  Size  Location     Type
                  1  [STACK] void 
 Registers used:
		wreg, status,2, status,0
 Tracked objects:
		On entry : 
		On exit  : 
		Unchanged: 
 Data sizes:     COMRAM   BANK0   BANK1   BANK2   BANK3   BANK4   BANK5
      Params:         0       0       0       0       0       0       0
      Locals:         0       0       0       0       0       0       0
      Temps:          0       0       0       0       0       0       0
      Totals:         0       0       0       0       0       0       0
Total ram usage:        0 bytes
 Hardware stack levels used:    1
 Hardware stack levels required when called:    4
 This function calls:
		Nothing
 This function is called by:
		_check_wash
 This function uses a reentrant model


 *************** function _check_ironing *****************
 Defined at:
		line 143 in file "tasks.c"
 Parameters:    Size  Location     Type
		None
 Auto vars:     Size  Location     Type
		None
 Return value:  Size  Location     Type
                  1  [STACK] void 
 Registers used:
		wreg, fsr0l, fsr0h, fsr1l, fsr1h, fsr2l, fsr2h, status,2, status,0, btemp+8, btemp+9, btemp+10, btemp+11, prodl, prodh
 Tracked objects:
		On entry : 
		On exit  : 
		Unchanged: 
 Data sizes:     COMRAM   BANK0   BANK1   BANK2   BANK3   BANK4   BANK5
      Params:         0       0       0       0       0       0       0
      Locals:         0       0       0       0       0       0       0
      Temps:          0       0       0       0       0       0       0
      Totals:         0       0       0       0       0       0       0
Total ram usage:        0 bytes
 Hardware stack levels used:    1
 Hardware stack levels required when called:    5
 This function calls:
		_run_ironing
 This function is called by:
		_main
 This function uses a reentrant model


 *************** function _run_ironing *****************
 Defined at:
		line 162 in file "tasks.c"
 Parameters:    Size  Location     Type
  clothes_iron    6  [STACK] struct clothes_control
 Auto vars:     Size  Location     Type
		None
 Return value:  Size  Location     Type
                  1  [STACK] void 
 Registers used:
		wreg, fsr0l, fsr0h, fsr1l, fsr1h, fsr2l, fsr2h, status,2, status,0, btemp+8, btemp+9, btemp+10, btemp+11, prodl, prodh
 Tracked objects:
		On entry : 
		On exit  : 
		Unchanged: 
 Data sizes:     COMRAM   BANK0   BANK1   BANK2   BANK3   BANK4   BANK5
      Params:         0       0       0       0       0       0       0
      Locals:         0       0       0       0       0       0       0
      Temps:          0       0       0       0       0       0       0
      Totals:         0       0       0       0       0       0       0
Total ram usage:        0 bytes
 Hardware stack levels used:    1
 Hardware stack levels required when called:    4
 This function calls:
		Nothing
 This function is called by:
		_check_ironing
 This function uses a reentrant model


 *************** function _IRQ_Timer0 *****************
 Defined at:
		line 50 in file "timer.c"
 Parameters:    Size  Location     Type
		None
 Auto vars:     Size  Location     Type
  clothes         6   22[COMRAM] struct clothes_control
  clothes         6   16[COMRAM] struct clothes_control
 Return value:  Size  Location     Type
                  1    wreg      void 
 Registers used:
		wreg, fsr0l, fsr0h, fsr1l, fsr1h, fsr2l, fsr2h, status,2, status,0, btemp, btemp+1, btemp+8, btemp+9, btemp+10, btemp+11, prodl, prodh
 Tracked objects:
		On entry : 
		On exit  : 
		Unchanged: 
 Data sizes:     COMRAM   BANK0   BANK1   BANK2   BANK3   BANK4   BANK5
      Params:         0       0       0       0       0       0       0
      Locals:        12       0       0       0       0       0       0
      Temps:         16       0       0       0       0       0       0
      Totals:        28       0       0       0       0       0       0
Total ram usage:       28 bytes
 Hardware stack levels used:    1
 Hardware stack levels required when called:    3
 This function calls:
		___wmul
		_controle_delay
		_scheduler
 This function is called by:
		Interrupt level 2
 This function uses a non-reentrant model


 *************** function _scheduler *****************
 Defined at:
		line 11 in file "scheduler.c"
 Parameters:    Size  Location     Type
		None
 Auto vars:     Size  Location     Type
		None
 Return value:  Size  Location     Type
                  2  [STACK] unsigned int 
 Registers used:
		wreg, fsr1l, fsr1h, fsr2l, fsr2h, status,2, status,0, btemp, btemp+1, btemp+8, btemp+9, btemp+10, btemp+11, prodl, prodh
 Tracked objects:
		On entry : 
		On exit  : 
		Unchanged: 
 Data sizes:     COMRAM   BANK0   BANK1   BANK2   BANK3   BANK4   BANK5
      Params:         0       0       0       0       0       0       0
      Locals:         0       0       0       0       0       0       0
      Temps:          0       0       0       0       0       0       0
      Totals:         0       0       0       0       0       0       0
Total ram usage:        0 bytes
 Hardware stack levels used:    1
 Hardware stack levels required when called:    2
 This function calls:
		_rr_scheduler
 This function is called by:
		_IRQ_Timer0
 This function uses a reentrant model


 *************** function _rr_scheduler *****************
 Defined at:
		line 20 in file "scheduler.c"
 Parameters:    Size  Location     Type
		None
 Auto vars:     Size  Location     Type
  next_task       2  [STACK] unsigned int 
 Return value:  Size  Location     Type
                  2  [STACK] unsigned int 
 Registers used:
		wreg, fsr1l, fsr1h, fsr2l, fsr2h, status,2, status,0, btemp, btemp+1, btemp+8, btemp+9, btemp+10, btemp+11, prodl, prodh
 Tracked objects:
		On entry : 
		On exit  : 
		Unchanged: 
 Data sizes:     COMRAM   BANK0   BANK1   BANK2   BANK3   BANK4   BANK5
      Params:         0       0       0       0       0       0       0
      Locals:         0       0       0       0       0       0       0
      Temps:          0       0       0       0       0       0       0
      Totals:         0       0       0       0       0       0       0
Total ram usage:        0 bytes
 Hardware stack levels used:    1
 Hardware stack levels required when called:    1
 This function calls:
		___lwmod
 This function is called by:
		_scheduler
 This function uses a reentrant model


 *************** function ___lwmod *****************
 Defined at:
		line 7 in file "C:\Program Files\Microchip\xc8\v2.20\pic\sources\c99\common\lwmod.c"
 Parameters:    Size  Location     Type
  dividend        2  [STACK] unsigned int 
  divisor         2  [STACK] unsigned int 
 Auto vars:     Size  Location     Type
  counter         1  [STACK] unsigned char 
 Return value:  Size  Location     Type
                  2  [STACK] unsigned int 
 Registers used:
		wreg, fsr1l, fsr1h, status,2, status,0, btemp, btemp+1, btemp+8, btemp+9, btemp+10, btemp+11, prodl
 Tracked objects:
		On entry : 
		On exit  : 
		Unchanged: 
 Data sizes:     COMRAM   BANK0   BANK1   BANK2   BANK3   BANK4   BANK5
      Params:         0       0       0       0       0       0       0
      Locals:         0       0       0       0       0       0       0
      Temps:          0       0       0       0       0       0       0
      Totals:         0       0       0       0       0       0       0
Total ram usage:        0 bytes
 Hardware stack levels used:    1
 This function calls:
		Nothing
 This function is called by:
		_rr_scheduler
 This function uses a reentrant model


 *************** function _controle_delay *****************
 Defined at:
		line 33 in file "timer.c"
 Parameters:    Size  Location     Type
		None
 Auto vars:     Size  Location     Type
  i               2  [STACK] int 
  flag            2  [STACK] int 
 Return value:  Size  Location     Type
                  2  [STACK] unsigned int 
 Registers used:
		wreg, fsr1l, fsr1h, fsr2l, fsr2h, status,2, status,0, btemp, btemp+1, btemp+8, btemp+9, btemp+10, btemp+11, prodl, prodh
 Tracked objects:
		On entry : 
		On exit  : 
		Unchanged: 
 Data sizes:     COMRAM   BANK0   BANK1   BANK2   BANK3   BANK4   BANK5
      Params:         0       0       0       0       0       0       0
      Locals:         0       0       0       0       0       0       0
      Temps:          0       0       0       0       0       0       0
      Totals:         0       0       0       0       0       0       0
Total ram usage:        0 bytes
 Hardware stack levels used:    1
 This function calls:
		Nothing
 This function is called by:
		_IRQ_Timer0
 This function uses a reentrant model


 *************** function ___wmul *****************
 Defined at:
		line 15 in file "C:\Program Files\Microchip\xc8\v2.20\pic\sources\c99\common\Umul16.c"
 Parameters:    Size  Location     Type
  multiplier      2  [STACK] unsigned int 
  multiplicand    2  [STACK] unsigned int 
 Auto vars:     Size  Location     Type
  product         2  [STACK] unsigned int 
 Return value:  Size  Location     Type
                  2  [STACK] unsigned int 
 Registers used:
		wreg, fsr1l, fsr1h, fsr2l, fsr2h, status,2, status,0, btemp, btemp+1, btemp+11, prodl, prodh
 Tracked objects:
		On entry : 
		On exit  : 
		Unchanged: 
 Data sizes:     COMRAM   BANK0   BANK1   BANK2   BANK3   BANK4   BANK5
      Params:         0       0       0       0       0       0       0
      Locals:         0       0       0       0       0       0       0
      Temps:          0       0       0       0       0       0       0
      Totals:         0       0       0       0       0       0       0
Total ram usage:        0 bytes
 Hardware stack levels used:    1
 This function calls:
		Nothing
 This function is called by:
		_IRQ_Timer0
 This function uses a reentrant model



MODULE INFORMATION

Module		Function		Class		Link	Load	Size
timer.c
		_setup_timer_0 		CODE           	0D24	0000	17
		_controle_delay		CODE           	0630	0000	351
		_IRQ_Timer0    		CODE           	0008	0000	1177

timer.c estimated size: 1545

C:\Program Files\Microchip\xc8\v2.20\pic\sources\c99\common\Umul16.c
		___wmul        		CODE           	0A9C	0000	151

C:\Program Files\Microchip\xc8\v2.20\pic\sources\c99\common\Umul16.c estimated size: 151

C:\Program Files\Microchip\xc8\v2.20\pic\sources\c99\common\lwmod.c
		___lwmod       		CODE           	078E	0000	233

C:\Program Files\Microchip\xc8\v2.20\pic\sources\c99\common\lwmod.c estimated size: 233

tasks.c
		_check_wash    		CODE           	04A8	0000	393
		_run_ironing   		CODE           	0B32	0000	149
		_run_wash      		CODE           	09F8	0000	165
		_check_ironing 		CODE           	094E	0000	171
		_config_tasks  		CODE           	0D34	0000	17

tasks.c estimated size: 895

kernel.c
		_task_create   		CODE           	0876	0000	217
		_os_config     		CODE           	0CAA	0000	67
		_os_start      		CODE           	0D44	0000	13
		_task_idle     		CODE           	0D50	0000	7

kernel.c estimated size: 304

shared
		__initialization		CODE           	0C54	0000	81

shared estimated size: 81

scheduler.c
		_rr_scheduler  		CODE           	0BC6	0000	143
		_scheduler     		CODE           	0D56	0000	7

scheduler.c estimated size: 150

main.c
		_main          		CODE           	0CEC	0000	57

main.c estimated size: 57

