Microchip MPLAB XC8 Compiler V2.20

Linker command line:

-W-3 --edf=C:\Program Files\Microchip\xc8\v2.20\pic\dat\en_msgs.txt -cn \
  -h+dist/default/production\embedded-os-8bits.production.sym \
  --cmf=dist/default/production\embedded-os-8bits.production.cmf -z \
  -Q18F4520 -oC:\Users\Giulio\AppData\Local\Temp\safk.2 \
  --defsym=__MPLAB_BUILD=1 \
  -Mdist/default/production/embedded-os-8bits.production.map -E1 \
  -ver=XC8 Compiler --acfsm=1493 -ASTACK=03EAh-05FFh -pstack=STACK \
  -ACODE=00h-07FFFh -ACONST=00h-07FFFh -ASMALLCONST=0600h-06FFhx122 \
  -AMEDIUMCONST=0600h-07FFFh -ACOMRAM=01h-07Fh -AABS1=00h-05FFh \
  -ABIGRAM=01h-05FFh -ARAM=080h-0FFh,0100h-01FFhx5 -ABANK0=080h-0FFh \
  -ABANK1=0100h-01FFh -ABANK2=0200h-02FFh -ABANK3=0300h-03FFh \
  -ABANK4=0400h-04FFh -ABANK5=0500h-05FFh -ASFR=0F80h-0FFFh \
  -ACONFIG=0300000h-030000Dh -AIDLOC=0200000h-0200007h \
  -preset_vec=00h,intcode=08h,intcodelo,powerup,init -pramtop=0600h \
  -psmallconst=SMALLCONST -pmediumconst=MEDIUMCONST -pconst=CONST \
  -AFARRAM=00h-00h -AEEDATA=0F00000h-0F000FFh -peeprom_data=EEDATA \
  -prdata=COMRAM,nvrram=COMRAM,nvbit=COMRAM,rbss=COMRAM,rbit=COMRAM \
  -pfarbss=FARRAM,fardata=FARRAM,nvFARRAM=FARRAM \
  -pintsave_regs=BIGRAM,bigbss=BIGRAM,bigdata=BIGRAM -pbss=RAM \
  -pidata=CODE,irdata=CODE,ibigdata=CODE,ifardata=CODE -prparam=COMRAM \
  C:\Users\Giulio\AppData\Local\Temp\safk.o \
  dist/default/production\embedded-os-8bits.production.o 

Object code version is 3.11

Machine type is 18F4520



                Name                               Link     Load   Length Selector   Space Scale
C:\Users\Giulio\AppData\Local\Temp\safk.o
                stack                               3EA      3EA      216      3EA       2
                idloc                            200000   200000        8        0       5
                config                           300000   300000        E        0       4
                init                                  C        C        8        4       0
                reset_vec                             0        0        4        0       0
dist/default/production\embedded-os-8bits.production.o
                intcode                               8        8        4        4       0
                idloc                            200000   200000        8        0       5
                config                           300000   300000        E        0       4
                temp                                 39       39       20        1       1
                text15                              A36      A36       96        4       0
                text14                              52A      52A      15E        4       0
                text13                              7DA      7DA       E8        4       0
                text12                              99A      99A       9C        4       0
                text11                              BEC      BEC        6        4       0
                intcode_body                         14       14      3A4        4       0
                text9                               BDA      BDA        C        4       0
                text8                               3B8      3B8      172        4       0
                text7                               688      688      152        4       0
                text6                               B92      B92       2C        4       0
                text5                               BCE      BCE        C        4       0
                text4                               BBE      BBE       10        4       0
                text3                               8C2      8C2       D8        4       0
                text2                               B62      B62       30        4       0
                text1                               BE6      BE6        6        4       0
                text0                               ACC      ACC       4C        4       0
                cstackCOMRAM                         59       59        E        1       1
                bssBIGRAM                           1EA      1EA      200      1EA       1
                bssBANK1                            100      100       EA      100       1
                dataCOMRAM                           67       67        2        1       1
                bssCOMRAM                             1        1       38        1       1
                cinit                               B18      B18       4A        4       0
                idataCOMRAM                         BF2      BF2        2        4       0

TOTAL           Name                               Link     Load   Length     Space
        CLASS   STACK          
                stack                               3EA      3EA      216         2

        CLASS   CODE           
                intcode                               8        8        4         0
                init                                  C        C        8         0
                reset_vec                             0        0        4         0
                text15                              A36      A36       96         0
                text14                              52A      52A      15E         0
                text13                              7DA      7DA       E8         0
                text12                              99A      99A       9C         0
                text11                              BEC      BEC        6         0
                intcode_body                         14       14      3A4         0
                text9                               BDA      BDA        C         0
                text8                               3B8      3B8      172         0
                text7                               688      688      152         0
                text6                               B92      B92       2C         0
                text5                               BCE      BCE        C         0
                text4                               BBE      BBE       10         0
                text3                               8C2      8C2       D8         0
                text2                               B62      B62       30         0
                text1                               BE6      BE6        6         0
                text0                               ACC      ACC       4C         0
                cinit                               B18      B18       4A         0
                idataCOMRAM                         BF2      BF2        2         0

        CLASS   CONST          

        CLASS   SMALLCONST     

        CLASS   MEDIUMCONST    

        CLASS   COMRAM         
                temp                                 39       39       20         1
                cstackCOMRAM                         59       59        E         1
                dataCOMRAM                           67       67        2         1
                bssCOMRAM                             1        1       38         1

        CLASS   ABS1           

        CLASS   BIGRAM         
                bssBIGRAM                           1EA      1EA      200         1

        CLASS   RAM            

        CLASS   BANK0          

        CLASS   BANK1          
                bssBANK1                            100      100       EA         1

        CLASS   BANK2          

        CLASS   BANK3          

        CLASS   BANK4          

        CLASS   BANK5          

        CLASS   SFR            

        CLASS   CONFIG         
                config                           300000   300000        E         4

        CLASS   IDLOC          
                idloc                            200000   200000        8         5

        CLASS   FARRAM         

        CLASS   EEDATA         



SEGMENTS        Name                           Load    Length   Top    Selector   Space  Class

                reset_vec                      000000  000004  000004         0       0  CODE    
                bssCOMRAM                      000001  000068  000069         1       1  COMRAM  
                intcode                        000008  000BEC  000BF4         4       0  CODE    
                bssBANK1                       000100  0000EA  0001EA       100       1  BANK1   
                bssBIGRAM                      0001EA  000200  0003EA       1EA       1  BIGRAM  
                stack                          0003EA  000216  000600       3EA       2  STACK   


UNUSED ADDRESS RANGES

        Name                Unused          Largest block    Delta
        BANK0            000080-0000FF               80
        BANK3            0003EA-0003FF               16
        BANK4            000400-0004FF              100
        BANK5            000500-0005FF              100
        BIGRAM           000069-0000FF               97
                         0003EA-0005FF              216
        CODE             000004-000007                4
                         000BF4-007FFF             740C
        COMRAM           000069-00007F               17
        CONST            000004-000007                4
                         000BF4-007FFF             740C
        EEDATA           F00000-F000FF              100
        MEDIUMCONST      000BF4-007FFF             740C
        RAM              000080-0000FF               80
                         0003EA-0005FF              100
        SFR              000F80-000FFF               80
        SMALLCONST       000BF4-007FFF              100

                                  Symbol Table

_BSR                        (abs)        000FE0
_INTCONbits                 (abs)        000FF2
_IRQ_Timer0                 intcode      000008
_PORTDbits                  (abs)        000F83
_STATUS                     (abs)        000FD8
_STKPTR                     (abs)        000FFC
_T0CONbits                  (abs)        000FD5
_TMR0L                      (abs)        000FD6
_TOS                        (abs)        000FFD
_TRISDbits                  (abs)        000F95
_WREG                       (abs)        000FE8
__HRAM                      (abs)        000000
__Habs1                     abs1         000000
__Hbank0                    bank0        000000
__Hbank1                    bank1        000000
__Hbank2                    bank2        000000
__Hbank3                    bank3        000000
__Hbank4                    bank4        000000
__Hbank5                    bank5        000000
__Hbigbss                   bigbss       000000
__Hbigdata                  bigdata      000000
__Hbigram                   bigram       000000
__Hbss                      bss          000000
__HbssBANK1                 bssBANK1     000000
__HbssBIGRAM                bssBIGRAM    000000
__HbssCOMRAM                bssCOMRAM    000000
__Hcinit                    cinit        000000
__Hclrtext                  clrtext      000000
__Hcomram                   comram       000000
__Hconfig                   config       30000E
__Hconst                    const        000000
__HcstackCOMRAM             cstackCOMRAM 000000
__Hdata                     data         000000
__HdataCOMRAM               dataCOMRAM   000000
__Heeprom_data              eeprom_data  000000
__Hfarbss                   farbss       000000
__Hfardata                  fardata      000000
__Hibigdata                 ibigdata     000000
__Hidata                    idata        000000
__HidataCOMRAM              idataCOMRAM  000000
__Hidloc                    idloc        200008
__Hifardata                 ifardata     000000
__Hinit                     init         000014
__Hintcode                  intcode      00000C
__Hintcode_body             intcode_body 000000
__Hintcodelo                intcodelo    00000C
__Hintentry                 intentry     000000
__Hintret                   intret       000000
__Hintsave_regs             intsave_regs 000000
__Hirdata                   irdata       000000
__Hmediumconst              mediumconst  000000
__HnvFARRAM                 nvFARRAM     000000
__Hnvbit                    nvbit        000000
__Hnvrram                   nvrram       000000
__Hparam                    rparam       000000
__Hpowerup                  powerup      00000C
__Hram                      ram          000000
__Hramtop                   ramtop       000600
__Hrbit                     rbit         000000
__Hrbss                     rbss         000000
__Hrdata                    rdata        000000
__Hreset_vec                reset_vec    000004
__Hrparam                   rparam       000000
__Hsfr                      sfr          000000
__Hsmallconst               smallconst   000000
__Hspace_0                  (abs)        000BF4
__Hspace_1                  (abs)        0003EA
__Hspace_2                  (abs)        000600
__Hspace_4                  (abs)        60000E
__Hstack                    stack        000600
__Hstruct                   struct       000000
__Htemp                     temp         000059
__Htext                     text         000000
__Htext0                    text0        000000
__Htext1                    text1        000000
__Htext11                   text11       000000
__Htext12                   text12       000000
__Htext13                   text13       000000
__Htext14                   text14       000000
__Htext15                   text15       000000
__Htext16                   text16       000000
__Htext2                    text2        000000
__Htext3                    text3        000000
__Htext4                    text4        000000
__Htext5                    text5        000000
__Htext6                    text6        000000
__Htext7                    text7        000000
__Htext8                    text8        000000
__Htext9                    text9        000000
__LRAM                      (abs)        000001
__Labs1                     abs1         000000
__Lbank0                    bank0        000000
__Lbank1                    bank1        000000
__Lbank2                    bank2        000000
__Lbank3                    bank3        000000
__Lbank4                    bank4        000000
__Lbank5                    bank5        000000
__Lbigbss                   bigbss       000000
__Lbigdata                  bigdata      000000
__Lbigram                   bigram       000000
__Lbss                      bss          000000
__LbssBANK1                 bssBANK1     000000
__LbssBIGRAM                bssBIGRAM    000000
__LbssCOMRAM                bssCOMRAM    000000
__Lcinit                    cinit        000000
__Lclrtext                  clrtext      000000
__Lcomram                   comram       000000
__Lconfig                   config       000000
__Lconst                    const        000000
__LcstackCOMRAM             cstackCOMRAM 000000
__Ldata                     data         000000
__LdataCOMRAM               dataCOMRAM   000000
__Leeprom_data              eeprom_data  000000
__Lfarbss                   farbss       000000
__Lfardata                  fardata      000000
__Libigdata                 ibigdata     000000
__Lidata                    idata        000000
__LidataCOMRAM              idataCOMRAM  000000
__Lidloc                    idloc        000000
__Lifardata                 ifardata     000000
__Linit                     init         00000C
__Lintcode                  intcode      000008
__Lintcode_body             intcode_body 000000
__Lintcodelo                intcodelo    00000C
__Lintentry                 intentry     000000
__Lintret                   intret       000000
__Lintsave_regs             intsave_regs 000000
__Lirdata                   irdata       000000
__Lmediumconst              mediumconst  000000
__LnvFARRAM                 nvFARRAM     000000
__Lnvbit                    nvbit        000000
__Lnvrram                   nvrram       000000
__Lparam                    rparam       000000
__Lpowerup                  powerup      00000C
__Lram                      ram          000000
__Lramtop                   ramtop       000600
__Lrbit                     rbit         000000
__Lrbss                     rbss         000000
__Lrdata                    rdata        000000
__Lreset_vec                reset_vec    000000
__Lrparam                   rparam       000000
__Lsfr                      sfr          000000
__Lsmallconst               smallconst   000000
__Lspace_0                  (abs)        000000
__Lspace_1                  (abs)        000000
__Lspace_2                  (abs)        000000
__Lspace_4                  (abs)        000000
__Lstack                    stack        0003EA
__Lstruct                   struct       000000
__Ltemp                     temp         000039
__Ltext                     text         000000
__Ltext0                    text0        000000
__Ltext1                    text1        000000
__Ltext11                   text11       000000
__Ltext12                   text12       000000
__Ltext13                   text13       000000
__Ltext14                   text14       000000
__Ltext15                   text15       000000
__Ltext16                   text16       000000
__Ltext2                    text2        000000
__Ltext3                    text3        000000
__Ltext4                    text4        000000
__Ltext5                    text5        000000
__Ltext6                    text6        000000
__Ltext7                    text7        000000
__Ltext8                    text8        000000
__Ltext9                    text9        000000
__S0                        (abs)        000BF4
__S1                        (abs)        0003EA
__S2                        (abs)        000600
__S4                        (abs)        000000
__S5                        (abs)        000000
___inthi_sp                 stack        00049C
___intlo_sp                 stack        00054E
___lwmod                    text13       0007DA
___param_bank               (abs)        000000
___rparam_used              (abs)        000001
___sp                       stack        0003EA
___wmul                     text15       000A36
__accesstop                 (abs)        000080
__activetblptr              (abs)        000000
__end_of_IRQ_Timer0         intcode_body 0003B8
__end_of___lwmod            text13       0008C2
__end_of___wmul             text15       000ACC
__end_of__initialization    cinit        000B5C
__end_of_check_wash         text8        00052A
__end_of_config_tasks       text5        000BDA
__end_of_controle_delay     text14       000688
__end_of_main               text0        000B18
__end_of_os_config          text2        000B92
__end_of_os_start           text1        000BEC
__end_of_rr_scheduler       text12       000A36
__end_of_run_wash           text9        000BE6
__end_of_scheduler          text11       000BF2
__end_of_setup_timer_0      text4        000BCE
__end_of_task_create        text3        00099A
__end_of_task_idle          text6        000BBE
__end_of_task_read_buttons  text7        0007DA
__initialization            cinit        000B18
__mediumconst               mediumconst  000000
__pbssBANK1                 bssBANK1     000100
__pbssBIGRAM                bssBIGRAM    0001EA
__pbssCOMRAM                bssCOMRAM    000001
__pcinit                    cinit        000B18
__pcstackCOMRAM             cstackCOMRAM 000059
__pdataCOMRAM               dataCOMRAM   000067
__pidataCOMRAM              idataCOMRAM  000BF2
__pintcode                  intcode      000008
__pintcode_body             intcode_body 000014
__ptext0                    text0        000ACC
__ptext1                    text1        000BE6
__ptext11                   text11       000BEC
__ptext12                   text12       00099A
__ptext13                   text13       0007DA
__ptext14                   text14       00052A
__ptext15                   text15       000A36
__ptext16                   text16       000000
__ptext2                    text2        000B62
__ptext3                    text3        0008C2
__ptext4                    text4        000BBE
__ptext5                    text5        000BCE
__ptext6                    text6        000B92
__ptext7                    text7        000688
__ptext8                    text8        0003B8
__ptext9                    text9        000BDA
__ramtop                    ramtop       000600
__size_of_IRQ_Timer0        (abs)        000000
__size_of___lwmod           (abs)        000000
__size_of___wmul            (abs)        000000
__size_of_check_wash        (abs)        000000
__size_of_config_tasks      (abs)        000000
__size_of_controle_delay    (abs)        000000
__size_of_main              (abs)        000000
__size_of_os_config         (abs)        000000
__size_of_os_start          (abs)        000000
__size_of_rr_scheduler      (abs)        000000
__size_of_run_wash          (abs)        000000
__size_of_scheduler         (abs)        000000
__size_of_setup_timer_0     (abs)        000000
__size_of_task_create       (abs)        000000
__size_of_task_idle         (abs)        000000
__size_of_task_read_buttons (abs)        000000
__smallconst                smallconst   000000
__uDynamicHeap              bssBIGRAM    0001EA
_check_ironing              (abs)        000000
_check_wash                 text8        0003B8
_config_tasks               text5        000BCE
_controle_delay             text14       00052A
_f_aptos                    bssBANK1     000100
_f_clothes                  bssCOMRAM    000001
_flag_wash                  bssCOMRAM    000035
_index                      bssCOMRAM    000037
_main                       text0        000ACC
_os_config                  text2        000B62
_os_start                   text1        000BE6
_quantum                    dataCOMRAM   000067
_rr_scheduler               text12       00099A
_run_wash                   text9        000BDA
_scheduler                  text11       000BEC
_setup_timer_0              text4        000BBE
_task_create                text3        0008C2
_task_idle                  text6        000B92
_task_read_buttons          text7        000688
btemp                       temp         000039
end_of_initialization       cinit        000B5C
int_func                    intcode_body 000014
intlevel0                   text         000000
intlevel1                   text         000000
intlevel2                   text         000000
intlevel3                   text         000000
lltemp0                     temp         000039
lltemp1                     temp         000041
lltemp2                     temp         000049
lltemp3                     temp         000051
ltemp0                      temp         000039
ltemp1                      temp         00003D
ltemp2                      temp         000041
stackhi                     (abs)        0005FF
stacklo                     (abs)        0003EA
start                       init         00000C
start_initialization        cinit        000B18
ttemp0                      temp         000039
ttemp1                      temp         00003C
ttemp2                      temp         00003F
ttemp3                      temp         000042
ttemp5                      temp         00003A
ttemp6                      temp         00003D
ttemp7                      temp         000041
wtemp0                      temp         000039
wtemp1                      temp         00003B
wtemp2                      temp         00003D
wtemp3                      temp         00003F
wtemp4                      temp         000041
wtemp5                      temp         000043
wtemp8                      temp         00003A


FUNCTION INFORMATION:

 *************** function _main *****************
 Defined at:
		line 18 in file "main.c"
 Parameters:    Size  Location     Type
		None
 Auto vars:     Size  Location     Type
		None
 Return value:  Size  Location     Type
                  1  [STACK] void 
 Registers used:
		wreg, fsr0l, fsr0h, fsr1l, fsr1h, fsr2l, fsr2h, status,2, status,0, btemp+8, btemp+9, btemp+10, btemp+11, prodl, prodh
 Tracked objects:
		On entry : 
		On exit  : 
		Unchanged: 
 Data sizes:     COMRAM   BANK0   BANK1   BANK2   BANK3   BANK4   BANK5
      Params:         0       0       0       0       0       0       0
      Locals:         0       0       0       0       0       0       0
      Temps:          0       0       0       0       0       0       0
      Totals:         0       0       0       0       0       0       0
Total ram usage:        0 bytes
 Hardware stack levels required when called:    8
 This function calls:
		_os_config
		_os_start
		_task_create
 This function is called by:
		Startup code after reset
 This function uses a reentrant model


 *************** function _os_start *****************
 Defined at:
		line 65 in file "kernel.c"
 Parameters:    Size  Location     Type
		None
 Auto vars:     Size  Location     Type
		None
 Return value:  Size  Location     Type
                  1  [STACK] void 
 Registers used:
		None
 Tracked objects:
		On entry : 
		On exit  : 
		Unchanged: 
 Data sizes:     COMRAM   BANK0   BANK1   BANK2   BANK3   BANK4   BANK5
      Params:         0       0       0       0       0       0       0
      Locals:         0       0       0       0       0       0       0
      Temps:          0       0       0       0       0       0       0
      Totals:         0       0       0       0       0       0       0
Total ram usage:        0 bytes
 Hardware stack levels used:    1
 Hardware stack levels required when called:    6
 This function calls:
		Nothing
 This function is called by:
		_main
 This function uses a reentrant model


 *************** function _os_config *****************
 Defined at:
		line 79 in file "kernel.c"
 Parameters:    Size  Location     Type
		None
 Auto vars:     Size  Location     Type
		None
 Return value:  Size  Location     Type
                  1  [STACK] void 
 Registers used:
		wreg, fsr0l, fsr0h, fsr1l, fsr1h, fsr2l, fsr2h, status,2, status,0, btemp+8, btemp+9, btemp+10, btemp+11, prodl, prodh
 Tracked objects:
		On entry : 
		On exit  : 
		Unchanged: 
 Data sizes:     COMRAM   BANK0   BANK1   BANK2   BANK3   BANK4   BANK5
      Params:         0       0       0       0       0       0       0
      Locals:         0       0       0       0       0       0       0
      Temps:          0       0       0       0       0       0       0
      Totals:         0       0       0       0       0       0       0
Total ram usage:        0 bytes
 Hardware stack levels used:    1
 Hardware stack levels required when called:    7
 This function calls:
		_config_tasks
		_setup_timer_0
		_task_create
 This function is called by:
		_main
 This function uses a reentrant model


 *************** function _task_create *****************
 Defined at:
		line 47 in file "kernel.c"
 Parameters:    Size  Location     Type
  prior           2  [STACK] unsigned int 
  func            2  [STACK] PTR FTN()void 
		 -> task_idle(1), check_ironing(1), check_wash(1), task_read_buttons(1), 
 Auto vars:     Size  Location     Type
  new_task       46  [STACK] struct tcb
 Return value:  Size  Location     Type
                  1  [STACK] void 
 Registers used:
		wreg, fsr0l, fsr0h, fsr1l, fsr1h, fsr2l, fsr2h, status,2, status,0, btemp+8, btemp+9, btemp+10, btemp+11, prodl, prodh
 Tracked objects:
		On entry : 
		On exit  : 
		Unchanged: 
 Data sizes:     COMRAM   BANK0   BANK1   BANK2   BANK3   BANK4   BANK5
      Params:         0       0       0       0       0       0       0
      Locals:         0       0       0       0       0       0       0
      Temps:          0       0       0       0       0       0       0
      Totals:         0       0       0       0       0       0       0
Total ram usage:        0 bytes
 Hardware stack levels used:    1
 Hardware stack levels required when called:    6
 This function calls:
		Nothing
 This function is called by:
		_main
		_os_config
 This function uses a reentrant model


 *************** function _setup_timer_0 *****************
 Defined at:
		line 16 in file "timer.c"
 Parameters:    Size  Location     Type
		None
 Auto vars:     Size  Location     Type
		None
 Return value:  Size  Location     Type
                  1  [STACK] void 
 Registers used:
		wreg, status,2
 Tracked objects:
		On entry : 
		On exit  : 
		Unchanged: 
 Data sizes:     COMRAM   BANK0   BANK1   BANK2   BANK3   BANK4   BANK5
      Params:         0       0       0       0       0       0       0
      Locals:         0       0       0       0       0       0       0
      Temps:          0       0       0       0       0       0       0
      Totals:         0       0       0       0       0       0       0
Total ram usage:        0 bytes
 Hardware stack levels used:    1
 Hardware stack levels required when called:    6
 This function calls:
		Nothing
 This function is called by:
		_os_config
 This function uses a reentrant model


 *************** function _config_tasks *****************
 Defined at:
		line 20 in file "tasks.c"
 Parameters:    Size  Location     Type
		None
 Auto vars:     Size  Location     Type
		None
 Return value:  Size  Location     Type
                  1  [STACK] void 
 Registers used:
		None
 Tracked objects:
		On entry : 
		On exit  : 
		Unchanged: 
 Data sizes:     COMRAM   BANK0   BANK1   BANK2   BANK3   BANK4   BANK5
      Params:         0       0       0       0       0       0       0
      Locals:         0       0       0       0       0       0       0
      Temps:          0       0       0       0       0       0       0
      Totals:         0       0       0       0       0       0       0
Total ram usage:        0 bytes
 Hardware stack levels used:    1
 Hardware stack levels required when called:    6
 This function calls:
		Nothing
 This function is called by:
		_os_config
 This function uses a reentrant model


 *************** function _task_idle *****************
 Defined at:
		line 102 in file "kernel.c"
 Parameters:    Size  Location     Type
		None
 Auto vars:     Size  Location     Type
		None
 Return value:  Size  Location     Type
                  1  [STACK] void 
 Registers used:
		wreg, status,2, status,0, btemp+11
 Tracked objects:
		On entry : 
		On exit  : 
		Unchanged: 
 Data sizes:     COMRAM   BANK0   BANK1   BANK2   BANK3   BANK4   BANK5
      Params:         0       0       0       0       0       0       0
      Locals:         0       0       0       0       0       0       0
      Temps:          0       0       0       0       0       0       0
      Totals:         0       0       0       0       0       0       0
Total ram usage:        0 bytes
 Hardware stack levels used:    1
 Hardware stack levels required when called:    4
 This function calls:
		Nothing
 This function is called by:
		_os_config
 This function uses a reentrant model


 *************** function _task_read_buttons *****************
 Defined at:
		line 28 in file "tasks.c"
 Parameters:    Size  Location     Type
		None
 Auto vars:     Size  Location     Type
  clothes         6  [STACK] struct clothes_control
  clothes         6  [STACK] struct clothes_control
 Return value:  Size  Location     Type
                  1  [STACK] void 
 Registers used:
		wreg, fsr0l, fsr0h, fsr1l, fsr1h, fsr2l, fsr2h, status,2, status,0, btemp+8, btemp+9, btemp+10, btemp+11, prodl, prodh
 Tracked objects:
		On entry : 
		On exit  : 
		Unchanged: 
 Data sizes:     COMRAM   BANK0   BANK1   BANK2   BANK3   BANK4   BANK5
      Params:         0       0       0       0       0       0       0
      Locals:         0       0       0       0       0       0       0
      Temps:          0       0       0       0       0       0       0
      Totals:         0       0       0       0       0       0       0
Total ram usage:        0 bytes
 Hardware stack levels used:    1
 Hardware stack levels required when called:    4
 This function calls:
		Nothing
 This function is called by:
		_main
 This function uses a reentrant model


 *************** function _check_wash *****************
 Defined at:
		line 65 in file "tasks.c"
 Parameters:    Size  Location     Type
		None
 Auto vars:     Size  Location     Type
  i               2  [STACK] int 
  next_clothes    6  [STACK] struct clothes_control
 Return value:  Size  Location     Type
                  1  [STACK] void 
 Registers used:
		wreg, fsr0l, fsr0h, fsr1l, fsr1h, fsr2l, fsr2h, status,2, status,0, btemp, btemp+8, btemp+9, btemp+10, btemp+11, prodl, prodh
 Tracked objects:
		On entry : 
		On exit  : 
		Unchanged: 
 Data sizes:     COMRAM   BANK0   BANK1   BANK2   BANK3   BANK4   BANK5
      Params:         0       0       0       0       0       0       0
      Locals:         0       0       0       0       0       0       0
      Temps:          0       0       0       0       0       0       0
      Totals:         0       0       0       0       0       0       0
Total ram usage:        0 bytes
 Hardware stack levels used:    1
 Hardware stack levels required when called:    5
 This function calls:
		_run_wash
 This function is called by:
		_main
 This function uses a reentrant model


 *************** function _run_wash *****************
 Defined at:
		line 94 in file "tasks.c"
 Parameters:    Size  Location     Type
  clothes_wash    6  [STACK] struct clothes_control
 Auto vars:     Size  Location     Type
		None
 Return value:  Size  Location     Type
                  1  [STACK] void 
 Registers used:
		wreg, fsr2l, fsr2h, status,2, status,0
 Tracked objects:
		On entry : 
		On exit  : 
		Unchanged: 
 Data sizes:     COMRAM   BANK0   BANK1   BANK2   BANK3   BANK4   BANK5
      Params:         0       0       0       0       0       0       0
      Locals:         0       0       0       0       0       0       0
      Temps:          0       0       0       0       0       0       0
      Totals:         0       0       0       0       0       0       0
Total ram usage:        0 bytes
 Hardware stack levels used:    1
 Hardware stack levels required when called:    4
 This function calls:
		Nothing
 This function is called by:
		_check_wash
 This function uses a reentrant model


 *************** function _IRQ_Timer0 *****************
 Defined at:
		line 45 in file "timer.c"
 Parameters:    Size  Location     Type
		None
 Auto vars:     Size  Location     Type
  i               1    0        unsigned char 
 Return value:  Size  Location     Type
                  1    wreg      void 
 Registers used:
		wreg, fsr1l, fsr1h, fsr2l, fsr2h, status,2, status,0, btemp, btemp+1, btemp+8, btemp+9, btemp+10, btemp+11, prodl, prodh
 Tracked objects:
		On entry : 
		On exit  : 
		Unchanged: 
 Data sizes:     COMRAM   BANK0   BANK1   BANK2   BANK3   BANK4   BANK5
      Params:         0       0       0       0       0       0       0
      Locals:         0       0       0       0       0       0       0
      Temps:         14       0       0       0       0       0       0
      Totals:        14       0       0       0       0       0       0
Total ram usage:       14 bytes
 Hardware stack levels used:    1
 Hardware stack levels required when called:    3
 This function calls:
		___wmul
		_controle_delay
		_scheduler
 This function is called by:
		Interrupt level 2
 This function uses a non-reentrant model


 *************** function _scheduler *****************
 Defined at:
		line 11 in file "scheduler.c"
 Parameters:    Size  Location     Type
		None
 Auto vars:     Size  Location     Type
		None
 Return value:  Size  Location     Type
                  2  [STACK] unsigned int 
 Registers used:
		wreg, fsr1l, fsr1h, fsr2l, fsr2h, status,2, status,0, btemp, btemp+1, btemp+8, btemp+9, btemp+10, btemp+11, prodl, prodh
 Tracked objects:
		On entry : 
		On exit  : 
		Unchanged: 
 Data sizes:     COMRAM   BANK0   BANK1   BANK2   BANK3   BANK4   BANK5
      Params:         0       0       0       0       0       0       0
      Locals:         0       0       0       0       0       0       0
      Temps:          0       0       0       0       0       0       0
      Totals:         0       0       0       0       0       0       0
Total ram usage:        0 bytes
 Hardware stack levels used:    1
 Hardware stack levels required when called:    2
 This function calls:
		_rr_scheduler
 This function is called by:
		_IRQ_Timer0
 This function uses a reentrant model


 *************** function _rr_scheduler *****************
 Defined at:
		line 20 in file "scheduler.c"
 Parameters:    Size  Location     Type
		None
 Auto vars:     Size  Location     Type
  next_task       2  [STACK] unsigned int 
 Return value:  Size  Location     Type
                  2  [STACK] unsigned int 
 Registers used:
		wreg, fsr1l, fsr1h, fsr2l, fsr2h, status,2, status,0, btemp, btemp+1, btemp+8, btemp+9, btemp+10, btemp+11, prodl, prodh
 Tracked objects:
		On entry : 
		On exit  : 
		Unchanged: 
 Data sizes:     COMRAM   BANK0   BANK1   BANK2   BANK3   BANK4   BANK5
      Params:         0       0       0       0       0       0       0
      Locals:         0       0       0       0       0       0       0
      Temps:          0       0       0       0       0       0       0
      Totals:         0       0       0       0       0       0       0
Total ram usage:        0 bytes
 Hardware stack levels used:    1
 Hardware stack levels required when called:    1
 This function calls:
		___lwmod
 This function is called by:
		_scheduler
 This function uses a reentrant model


 *************** function ___lwmod *****************
 Defined at:
		line 7 in file "C:\Program Files\Microchip\xc8\v2.20\pic\sources\c99\common\lwmod.c"
 Parameters:    Size  Location     Type
  dividend        2  [STACK] unsigned int 
  divisor         2  [STACK] unsigned int 
 Auto vars:     Size  Location     Type
  counter         1  [STACK] unsigned char 
 Return value:  Size  Location     Type
                  2  [STACK] unsigned int 
 Registers used:
		wreg, fsr1l, fsr1h, status,2, status,0, btemp, btemp+1, btemp+8, btemp+9, btemp+10, btemp+11, prodl
 Tracked objects:
		On entry : 
		On exit  : 
		Unchanged: 
 Data sizes:     COMRAM   BANK0   BANK1   BANK2   BANK3   BANK4   BANK5
      Params:         0       0       0       0       0       0       0
      Locals:         0       0       0       0       0       0       0
      Temps:          0       0       0       0       0       0       0
      Totals:         0       0       0       0       0       0       0
Total ram usage:        0 bytes
 Hardware stack levels used:    1
 This function calls:
		Nothing
 This function is called by:
		_rr_scheduler
 This function uses a reentrant model


 *************** function _controle_delay *****************
 Defined at:
		line 27 in file "timer.c"
 Parameters:    Size  Location     Type
		None
 Auto vars:     Size  Location     Type
  i               2  [STACK] int 
  flag            2  [STACK] int 
 Return value:  Size  Location     Type
                  2  [STACK] unsigned int 
 Registers used:
		wreg, fsr1l, fsr1h, fsr2l, fsr2h, status,2, status,0, btemp, btemp+1, btemp+8, btemp+9, btemp+10, btemp+11, prodl, prodh
 Tracked objects:
		On entry : 
		On exit  : 
		Unchanged: 
 Data sizes:     COMRAM   BANK0   BANK1   BANK2   BANK3   BANK4   BANK5
      Params:         0       0       0       0       0       0       0
      Locals:         0       0       0       0       0       0       0
      Temps:          0       0       0       0       0       0       0
      Totals:         0       0       0       0       0       0       0
Total ram usage:        0 bytes
 Hardware stack levels used:    1
 This function calls:
		Nothing
 This function is called by:
		_IRQ_Timer0
 This function uses a reentrant model


 *************** function ___wmul *****************
 Defined at:
		line 15 in file "C:\Program Files\Microchip\xc8\v2.20\pic\sources\c99\common\Umul16.c"
 Parameters:    Size  Location     Type
  multiplier      2  [STACK] unsigned int 
  multiplicand    2  [STACK] unsigned int 
 Auto vars:     Size  Location     Type
  product         2  [STACK] unsigned int 
 Return value:  Size  Location     Type
                  2  [STACK] unsigned int 
 Registers used:
		wreg, fsr1l, fsr1h, fsr2l, fsr2h, status,2, status,0, btemp, btemp+1, btemp+11, prodl, prodh
 Tracked objects:
		On entry : 
		On exit  : 
		Unchanged: 
 Data sizes:     COMRAM   BANK0   BANK1   BANK2   BANK3   BANK4   BANK5
      Params:         0       0       0       0       0       0       0
      Locals:         0       0       0       0       0       0       0
      Temps:          0       0       0       0       0       0       0
      Totals:         0       0       0       0       0       0       0
Total ram usage:        0 bytes
 Hardware stack levels used:    1
 This function calls:
		Nothing
 This function is called by:
		_IRQ_Timer0
 This function uses a reentrant model



MODULE INFORMATION

Module		Function		Class		Link	Load	Size
timer.c
		_setup_timer_0 		CODE           	0BBE	0000	17
		_controle_delay		CODE           	052A	0000	351
		_IRQ_Timer0    		CODE           	0008	0000	937

timer.c estimated size: 1305

C:\Program Files\Microchip\xc8\v2.20\pic\sources\c99\common\Umul16.c
		___wmul        		CODE           	0A36	0000	151

C:\Program Files\Microchip\xc8\v2.20\pic\sources\c99\common\Umul16.c estimated size: 151

C:\Program Files\Microchip\xc8\v2.20\pic\sources\c99\common\lwmod.c
		___lwmod       		CODE           	07DA	0000	233

C:\Program Files\Microchip\xc8\v2.20\pic\sources\c99\common\lwmod.c estimated size: 233

tasks.c
		_task_read_buttons		CODE           	0688	0000	339
		_check_wash    		CODE           	03B8	0000	371
		_run_wash      		CODE           	0BDA	0000	13
		_config_tasks  		CODE           	0BCE	0000	13

tasks.c estimated size: 736

kernel.c
		_task_create   		CODE           	08C2	0000	217
		_os_config     		CODE           	0B62	0000	49
		_os_start      		CODE           	0BE6	0000	7
		_task_idle     		CODE           	0B92	0000	45

kernel.c estimated size: 318

shared
		__initialization		CODE           	0B18	0000	69

shared estimated size: 69

scheduler.c
		_rr_scheduler  		CODE           	099A	0000	157
		_scheduler     		CODE           	0BEC	0000	7

scheduler.c estimated size: 164

main.c
		_main          		CODE           	0ACC	0000	77

main.c estimated size: 77

