Microchip MPLAB XC8 Compiler V2.20

Linker command line:

-W-3 --edf=C:\Program Files\Microchip\xc8\v2.20\pic\dat\en_msgs.txt -cn \
  -h+dist/default/production\ProjetoSOE.X.production.sym \
  --cmf=dist/default/production\ProjetoSOE.X.production.cmf -z -Q18F4520 \
  -oC:\Users\viniv\AppData\Local\Temp\s7r8.2 --defsym=__MPLAB_BUILD=1 \
  -Mdist/default/production/ProjetoSOE.X.production.map -E1 \
  -ver=XC8 Compiler --acfsm=1493 -ASTACK=03EAh-05FFh -pstack=STACK \
  -ACODE=00h-07FFFh -ACONST=00h-07FFFh -ASMALLCONST=0600h-06FFhx122 \
  -AMEDIUMCONST=0600h-07FFFh -ACOMRAM=01h-07Fh -AABS1=00h-05FFh \
  -ABIGRAM=01h-05FFh -ARAM=080h-0FFh,0100h-01FFhx5 -ABANK0=080h-0FFh \
  -ABANK1=0100h-01FFh -ABANK2=0200h-02FFh -ABANK3=0300h-03FFh \
  -ABANK4=0400h-04FFh -ABANK5=0500h-05FFh -ASFR=0F80h-0FFFh \
  -ACONFIG=0300000h-030000Dh -AIDLOC=0200000h-0200007h \
  -preset_vec=00h,intcode=08h,intcodelo,powerup,init -pramtop=0600h \
  -psmallconst=SMALLCONST -pmediumconst=MEDIUMCONST -pconst=CONST \
  -AFARRAM=00h-00h -AEEDATA=0F00000h-0F000FFh -peeprom_data=EEDATA \
  -prdata=COMRAM,nvrram=COMRAM,nvbit=COMRAM,rbss=COMRAM,rbit=COMRAM \
  -pfarbss=FARRAM,fardata=FARRAM,nvFARRAM=FARRAM \
  -pintsave_regs=BIGRAM,bigbss=BIGRAM,bigdata=BIGRAM -pbss=RAM \
  -pidata=CODE,irdata=CODE,ibigdata=CODE,ifardata=CODE -prparam=COMRAM \
  C:\Users\viniv\AppData\Local\Temp\s7r8.o \
  dist/default/production\ProjetoSOE.X.production.o 

Object code version is 3.11

Machine type is 18F4520



                Name                               Link     Load   Length Selector   Space Scale
C:\Users\viniv\AppData\Local\Temp\s7r8.o
                stack                               3EA      3EA      216      3EA       2
                idloc                            200000   200000        8        0       5
                config                           300000   300000        E        0       4
                init                                  C        C        8        4       0
                reset_vec                             0        0        4        0       0
dist/default/production\ProjetoSOE.X.production.o
                intcode                               8        8        4        4       0
                idloc                            200000   200000        8        0       5
                config                           300000   300000        E        0       4
                temp                                  1        1       20        1       1
                text17                              B04      B04       96        4       0
                text16                              546      546      15E        4       0
                text15                              7FC      7FC       E8        4       0
                text14                              A68      A68       9C        4       0
                text13                              D58      D58        6        4       0
                intcode_body                         14       14      3A4        4       0
                text11                              B9A      B9A       7E        4       0
                text10                              9BC      9BC       AC        4       0
                text9                               CBA      CBA       44        4       0
                text8                               3B8      3B8      18E        4       0
                text7                               6A4      6A4      158        4       0
                text6                               D52      D52        6        4       0
                text5                               D40      D40        C        4       0
                text4                               D30      D30       10        4       0
                text3                               8E4      8E4       D8        4       0
                text2                               CFE      CFE       32        4       0
                text1                               D4C      D4C        6        4       0
                text0                               C6E      C6E       4C        4       0
                cstackCOMRAM                         21       21        E        1       1
                bssBIGRAM                           1EA      1EA      200      1EA       1
                bssBANK1                            100      100       EA      100       1
                bssBANK0                             80       80       4C       80       1
                dataCOMRAM                           39       39        2        1       1
                bssCOMRAM                            2F       2F        A        1       1
                cinit                               C18      C18       56        4       0
                idataCOMRAM                         D5E      D5E        2        4       0

TOTAL           Name                               Link     Load   Length     Space
        CLASS   STACK          
                stack                               3EA      3EA      216         2

        CLASS   CODE           
                intcode                               8        8        4         0
                init                                  C        C        8         0
                reset_vec                             0        0        4         0
                text17                              B04      B04       96         0
                text16                              546      546      15E         0
                text15                              7FC      7FC       E8         0
                text14                              A68      A68       9C         0
                text13                              D58      D58        6         0
                intcode_body                         14       14      3A4         0
                text11                              B9A      B9A       7E         0
                text10                              9BC      9BC       AC         0
                text9                               CBA      CBA       44         0
                text8                               3B8      3B8      18E         0
                text7                               6A4      6A4      158         0
                text6                               D52      D52        6         0
                text5                               D40      D40        C         0
                text4                               D30      D30       10         0
                text3                               8E4      8E4       D8         0
                text2                               CFE      CFE       32         0
                text1                               D4C      D4C        6         0
                text0                               C6E      C6E       4C         0
                cinit                               C18      C18       56         0
                idataCOMRAM                         D5E      D5E        2         0

        CLASS   CONST          

        CLASS   SMALLCONST     

        CLASS   MEDIUMCONST    

        CLASS   COMRAM         
                temp                                  1        1       20         1
                cstackCOMRAM                         21       21        E         1
                dataCOMRAM                           39       39        2         1
                bssCOMRAM                            2F       2F        A         1

        CLASS   ABS1           

        CLASS   BIGRAM         
                bssBIGRAM                           1EA      1EA      200         1

        CLASS   RAM            

        CLASS   BANK0          
                bssBANK0                             80       80       4C         1

        CLASS   BANK1          
                bssBANK1                            100      100       EA         1

        CLASS   BANK2          

        CLASS   BANK3          

        CLASS   BANK4          

        CLASS   BANK5          

        CLASS   SFR            

        CLASS   CONFIG         
                config                           300000   300000        E         4

        CLASS   IDLOC          
                idloc                            200000   200000        8         5

        CLASS   FARRAM         

        CLASS   EEDATA         



SEGMENTS        Name                           Load    Length   Top    Selector   Space  Class

                reset_vec                      000000  000004  000004         0       0  CODE    
                temp                           000001  00003A  00003B         1       1  COMRAM  
                intcode                        000008  000D58  000D60         4       0  CODE    
                bssBANK0                       000080  00004C  0000CC        80       1  BANK0   
                bssBANK1                       000100  0000EA  0001EA       100       1  BANK1   
                bssBIGRAM                      0001EA  000200  0003EA       1EA       1  BIGRAM  
                stack                          0003EA  000216  000600       3EA       2  STACK   


UNUSED ADDRESS RANGES

        Name                Unused          Largest block    Delta
        BANK0            0000CC-0000FF               34
        BANK3            0003EA-0003FF               16
        BANK4            000400-0004FF              100
        BANK5            000500-0005FF              100
        BIGRAM           00003B-00007F               45
                         0000CC-0000FF               34
                         0003EA-0005FF              216
        CODE             000004-000007                4
                         000D60-007FFF             72A0
        COMRAM           00003B-00007F               45
        CONST            000004-000007                4
                         000D60-007FFF             72A0
        EEDATA           F00000-F000FF              100
        MEDIUMCONST      000D60-007FFF             72A0
        RAM              0000CC-0000FF               34
                         0003EA-0005FF              100
        SFR              000F80-000FFF               80
        SMALLCONST       000D60-007FFF              100

                                  Symbol Table

_BSR                        (abs)        000FE0
_INTCONbits                 (abs)        000FF2
_IRQ_Timer0                 intcode      000008
_PORTDbits                  (abs)        000F83
_STATUS                     (abs)        000FD8
_STKPTR                     (abs)        000FFC
_T0CONbits                  (abs)        000FD5
_TMR0L                      (abs)        000FD6
_TOS                        (abs)        000FFD
_TRISDbits                  (abs)        000F95
_WREG                       (abs)        000FE8
__HRAM                      (abs)        000000
__Habs1                     abs1         000000
__Hbank0                    bank0        000000
__Hbank1                    bank1        000000
__Hbank2                    bank2        000000
__Hbank3                    bank3        000000
__Hbank4                    bank4        000000
__Hbank5                    bank5        000000
__Hbigbss                   bigbss       000000
__Hbigdata                  bigdata      000000
__Hbigram                   bigram       000000
__Hbss                      bss          000000
__HbssBANK0                 bssBANK0     000000
__HbssBANK1                 bssBANK1     000000
__HbssBIGRAM                bssBIGRAM    000000
__HbssCOMRAM                bssCOMRAM    000000
__Hcinit                    cinit        000000
__Hclrtext                  clrtext      000000
__Hcomram                   comram       000000
__Hconfig                   config       30000E
__Hconst                    const        000000
__HcstackCOMRAM             cstackCOMRAM 000000
__Hdata                     data         000000
__HdataCOMRAM               dataCOMRAM   000000
__Heeprom_data              eeprom_data  000000
__Hfarbss                   farbss       000000
__Hfardata                  fardata      000000
__Hibigdata                 ibigdata     000000
__Hidata                    idata        000000
__HidataCOMRAM              idataCOMRAM  000000
__Hidloc                    idloc        200008
__Hifardata                 ifardata     000000
__Hinit                     init         000014
__Hintcode                  intcode      00000C
__Hintcode_body             intcode_body 000000
__Hintcodelo                intcodelo    00000C
__Hintentry                 intentry     000000
__Hintret                   intret       000000
__Hintsave_regs             intsave_regs 000000
__Hirdata                   irdata       000000
__Hmediumconst              mediumconst  000000
__HnvFARRAM                 nvFARRAM     000000
__Hnvbit                    nvbit        000000
__Hnvrram                   nvrram       000000
__Hparam                    rparam       000000
__Hpowerup                  powerup      00000C
__Hram                      ram          000000
__Hramtop                   ramtop       000600
__Hrbit                     rbit         000000
__Hrbss                     rbss         000000
__Hrdata                    rdata        000000
__Hreset_vec                reset_vec    000004
__Hrparam                   rparam       000000
__Hsfr                      sfr          000000
__Hsmallconst               smallconst   000000
__Hspace_0                  (abs)        000D60
__Hspace_1                  (abs)        0003EA
__Hspace_2                  (abs)        000600
__Hspace_4                  (abs)        60000E
__Hstack                    stack        000600
__Hstruct                   struct       000000
__Htemp                     temp         000021
__Htext                     text         000000
__Htext0                    text0        000000
__Htext1                    text1        000000
__Htext10                   text10       000000
__Htext11                   text11       000000
__Htext13                   text13       000000
__Htext14                   text14       000000
__Htext15                   text15       000000
__Htext16                   text16       000000
__Htext17                   text17       000000
__Htext18                   text18       000000
__Htext2                    text2        000000
__Htext3                    text3        000000
__Htext4                    text4        000000
__Htext5                    text5        000000
__Htext6                    text6        000000
__Htext7                    text7        000000
__Htext8                    text8        000000
__Htext9                    text9        000000
__LRAM                      (abs)        000001
__Labs1                     abs1         000000
__Lbank0                    bank0        000000
__Lbank1                    bank1        000000
__Lbank2                    bank2        000000
__Lbank3                    bank3        000000
__Lbank4                    bank4        000000
__Lbank5                    bank5        000000
__Lbigbss                   bigbss       000000
__Lbigdata                  bigdata      000000
__Lbigram                   bigram       000000
__Lbss                      bss          000000
__LbssBANK0                 bssBANK0     000000
__LbssBANK1                 bssBANK1     000000
__LbssBIGRAM                bssBIGRAM    000000
__LbssCOMRAM                bssCOMRAM    000000
__Lcinit                    cinit        000000
__Lclrtext                  clrtext      000000
__Lcomram                   comram       000000
__Lconfig                   config       000000
__Lconst                    const        000000
__LcstackCOMRAM             cstackCOMRAM 000000
__Ldata                     data         000000
__LdataCOMRAM               dataCOMRAM   000000
__Leeprom_data              eeprom_data  000000
__Lfarbss                   farbss       000000
__Lfardata                  fardata      000000
__Libigdata                 ibigdata     000000
__Lidata                    idata        000000
__LidataCOMRAM              idataCOMRAM  000000
__Lidloc                    idloc        000000
__Lifardata                 ifardata     000000
__Linit                     init         00000C
__Lintcode                  intcode      000008
__Lintcode_body             intcode_body 000000
__Lintcodelo                intcodelo    00000C
__Lintentry                 intentry     000000
__Lintret                   intret       000000
__Lintsave_regs             intsave_regs 000000
__Lirdata                   irdata       000000
__Lmediumconst              mediumconst  000000
__LnvFARRAM                 nvFARRAM     000000
__Lnvbit                    nvbit        000000
__Lnvrram                   nvrram       000000
__Lparam                    rparam       000000
__Lpowerup                  powerup      00000C
__Lram                      ram          000000
__Lramtop                   ramtop       000600
__Lrbit                     rbit         000000
__Lrbss                     rbss         000000
__Lrdata                    rdata        000000
__Lreset_vec                reset_vec    000000
__Lrparam                   rparam       000000
__Lsfr                      sfr          000000
__Lsmallconst               smallconst   000000
__Lspace_0                  (abs)        000000
__Lspace_1                  (abs)        000000
__Lspace_2                  (abs)        000000
__Lspace_4                  (abs)        000000
__Lstack                    stack        0003EA
__Lstruct                   struct       000000
__Ltemp                     temp         000001
__Ltext                     text         000000
__Ltext0                    text0        000000
__Ltext1                    text1        000000
__Ltext10                   text10       000000
__Ltext11                   text11       000000
__Ltext13                   text13       000000
__Ltext14                   text14       000000
__Ltext15                   text15       000000
__Ltext16                   text16       000000
__Ltext17                   text17       000000
__Ltext18                   text18       000000
__Ltext2                    text2        000000
__Ltext3                    text3        000000
__Ltext4                    text4        000000
__Ltext5                    text5        000000
__Ltext6                    text6        000000
__Ltext7                    text7        000000
__Ltext8                    text8        000000
__Ltext9                    text9        000000
__S0                        (abs)        000D60
__S1                        (abs)        0003EA
__S2                        (abs)        000600
__S4                        (abs)        000000
__S5                        (abs)        000000
___inthi_sp                 stack        00049C
___intlo_sp                 stack        00054E
___lwmod                    text15       0007FC
___param_bank               (abs)        000000
___rparam_used              (abs)        000001
___sp                       stack        0003EA
___wmul                     text17       000B04
__accesstop                 (abs)        000080
__activetblptr              (abs)        000000
__end_of_IRQ_Timer0         intcode_body 0003B8
__end_of___lwmod            text15       0008E4
__end_of___wmul             text17       000B9A
__end_of__initialization    cinit        000C68
__end_of_check_ironing      text10       000A68
__end_of_check_wash         text8        000546
__end_of_config_tasks       text5        000D4C
__end_of_controle_delay     text16       0006A4
__end_of_main               text0        000CBA
__end_of_os_config          text2        000D30
__end_of_os_start           text1        000D52
__end_of_rr_scheduler       text14       000B04
__end_of_run_ironing        text11       000C18
__end_of_run_wash           text9        000CFE
__end_of_scheduler          text13       000D5E
__end_of_setup_timer_0      text4        000D40
__end_of_task_create        text3        0009BC
__end_of_task_idle          text6        000D58
__end_of_task_read_buttons  text7        0007FC
__initialization            cinit        000C18
__mediumconst               mediumconst  000000
__pbssBANK0                 bssBANK0     000080
__pbssBANK1                 bssBANK1     000100
__pbssBIGRAM                bssBIGRAM    0001EA
__pbssCOMRAM                bssCOMRAM    00002F
__pcinit                    cinit        000C18
__pcstackCOMRAM             cstackCOMRAM 000021
__pdataCOMRAM               dataCOMRAM   000039
__pidataCOMRAM              idataCOMRAM  000D5E
__pintcode                  intcode      000008
__pintcode_body             intcode_body 000014
__ptext0                    text0        000C6E
__ptext1                    text1        000D4C
__ptext10                   text10       0009BC
__ptext11                   text11       000B9A
__ptext13                   text13       000D58
__ptext14                   text14       000A68
__ptext15                   text15       0007FC
__ptext16                   text16       000546
__ptext17                   text17       000B04
__ptext18                   text18       000000
__ptext2                    text2        000CFE
__ptext3                    text3        0008E4
__ptext4                    text4        000D30
__ptext5                    text5        000D40
__ptext6                    text6        000D52
__ptext7                    text7        0006A4
__ptext8                    text8        0003B8
__ptext9                    text9        000CBA
__ramtop                    ramtop       000600
__size_of_IRQ_Timer0        (abs)        000000
__size_of___lwmod           (abs)        000000
__size_of___wmul            (abs)        000000
__size_of_check_ironing     (abs)        000000
__size_of_check_wash        (abs)        000000
__size_of_config_tasks      (abs)        000000
__size_of_controle_delay    (abs)        000000
__size_of_main              (abs)        000000
__size_of_os_config         (abs)        000000
__size_of_os_start          (abs)        000000
__size_of_rr_scheduler      (abs)        000000
__size_of_run_ironing       (abs)        000000
__size_of_run_wash          (abs)        000000
__size_of_scheduler         (abs)        000000
__size_of_setup_timer_0     (abs)        000000
__size_of_task_create       (abs)        000000
__size_of_task_idle         (abs)        000000
__size_of_task_read_buttons (abs)        000000
__smallconst                smallconst   000000
__uDynamicHeap              bssBIGRAM    0001EA
_check_ironing              text10       0009BC
_check_wash                 text8        0003B8
_config_tasks               text5        000D40
_controle_delay             text16       000546
_counter_ironing            bssCOMRAM    000033
_counter_wash               bssCOMRAM    000035
_f_aptos                    bssBANK1     000100
_f_clothes                  bssBANK0     000080
_flag_ironing               bssCOMRAM    00002F
_flag_wash                  bssCOMRAM    000031
_index                      bssCOMRAM    000037
_main                       text0        000C6E
_os_config                  text2        000CFE
_os_start                   text1        000D4C
_quantum                    dataCOMRAM   000039
_rr_scheduler               text14       000A68
_run_ironing                text11       000B9A
_run_wash                   text9        000CBA
_scheduler                  text13       000D58
_setup_timer_0              text4        000D30
_task_create                text3        0008E4
_task_idle                  text6        000D52
_task_read_buttons          text7        0006A4
btemp                       temp         000001
end_of_initialization       cinit        000C68
int_func                    intcode_body 000014
intlevel0                   text         000000
intlevel1                   text         000000
intlevel2                   text         000000
intlevel3                   text         000000
lltemp0                     temp         000001
lltemp1                     temp         000009
lltemp2                     temp         000011
lltemp3                     temp         000019
ltemp0                      temp         000001
ltemp1                      temp         000005
ltemp2                      temp         000009
stackhi                     (abs)        0005FF
stacklo                     (abs)        0003EA
start                       init         00000C
start_initialization        cinit        000C18
ttemp0                      temp         000001
ttemp1                      temp         000004
ttemp2                      temp         000007
ttemp3                      temp         00000A
ttemp5                      temp         000002
ttemp6                      temp         000005
ttemp7                      temp         000009
wtemp0                      temp         000001
wtemp1                      temp         000003
wtemp2                      temp         000005
wtemp3                      temp         000007
wtemp4                      temp         000009
wtemp5                      temp         00000B
wtemp8                      temp         000002


FUNCTION INFORMATION:

 *************** function _main *****************
 Defined at:
		line 18 in file "main.c"
 Parameters:    Size  Location     Type
		None
 Auto vars:     Size  Location     Type
		None
 Return value:  Size  Location     Type
                  1  [STACK] void 
 Registers used:
		wreg, fsr0l, fsr0h, fsr1l, fsr1h, fsr2l, fsr2h, status,2, status,0, btemp+8, btemp+9, btemp+10, btemp+11, prodl, prodh
 Tracked objects:
		On entry : 
		On exit  : 
		Unchanged: 
 Data sizes:     COMRAM   BANK0   BANK1   BANK2   BANK3   BANK4   BANK5
      Params:         0       0       0       0       0       0       0
      Locals:         0       0       0       0       0       0       0
      Temps:          0       0       0       0       0       0       0
      Totals:         0       0       0       0       0       0       0
Total ram usage:        0 bytes
 Hardware stack levels required when called:    8
 This function calls:
		_os_config
		_os_start
		_task_create
 This function is called by:
		Startup code after reset
 This function uses a reentrant model


 *************** function _os_start *****************
 Defined at:
		line 65 in file "kernel.c"
 Parameters:    Size  Location     Type
		None
 Auto vars:     Size  Location     Type
		None
 Return value:  Size  Location     Type
                  1  [STACK] void 
 Registers used:
		None
 Tracked objects:
		On entry : 
		On exit  : 
		Unchanged: 
 Data sizes:     COMRAM   BANK0   BANK1   BANK2   BANK3   BANK4   BANK5
      Params:         0       0       0       0       0       0       0
      Locals:         0       0       0       0       0       0       0
      Temps:          0       0       0       0       0       0       0
      Totals:         0       0       0       0       0       0       0
Total ram usage:        0 bytes
 Hardware stack levels used:    1
 Hardware stack levels required when called:    6
 This function calls:
		Nothing
 This function is called by:
		_main
 This function uses a reentrant model


 *************** function _os_config *****************
 Defined at:
		line 79 in file "kernel.c"
 Parameters:    Size  Location     Type
		None
 Auto vars:     Size  Location     Type
		None
 Return value:  Size  Location     Type
                  1  [STACK] void 
 Registers used:
		wreg, fsr0l, fsr0h, fsr1l, fsr1h, fsr2l, fsr2h, status,2, status,0, btemp+8, btemp+9, btemp+10, btemp+11, prodl, prodh
 Tracked objects:
		On entry : 
		On exit  : 
		Unchanged: 
 Data sizes:     COMRAM   BANK0   BANK1   BANK2   BANK3   BANK4   BANK5
      Params:         0       0       0       0       0       0       0
      Locals:         0       0       0       0       0       0       0
      Temps:          0       0       0       0       0       0       0
      Totals:         0       0       0       0       0       0       0
Total ram usage:        0 bytes
 Hardware stack levels used:    1
 Hardware stack levels required when called:    7
 This function calls:
		_config_tasks
		_setup_timer_0
		_task_create
 This function is called by:
		_main
 This function uses a reentrant model


 *************** function _task_create *****************
 Defined at:
		line 47 in file "kernel.c"
 Parameters:    Size  Location     Type
  prior           2  [STACK] unsigned int 
  func            2  [STACK] PTR FTN()void 
		 -> task_idle(1), check_wash(1), check_ironing(1), task_read_buttons(1), 
 Auto vars:     Size  Location     Type
  new_task       46  [STACK] struct tcb
 Return value:  Size  Location     Type
                  1  [STACK] void 
 Registers used:
		wreg, fsr0l, fsr0h, fsr1l, fsr1h, fsr2l, fsr2h, status,2, status,0, btemp+8, btemp+9, btemp+10, btemp+11, prodl, prodh
 Tracked objects:
		On entry : 
		On exit  : 
		Unchanged: 
 Data sizes:     COMRAM   BANK0   BANK1   BANK2   BANK3   BANK4   BANK5
      Params:         0       0       0       0       0       0       0
      Locals:         0       0       0       0       0       0       0
      Temps:          0       0       0       0       0       0       0
      Totals:         0       0       0       0       0       0       0
Total ram usage:        0 bytes
 Hardware stack levels used:    1
 Hardware stack levels required when called:    6
 This function calls:
		Nothing
 This function is called by:
		_main
		_os_config
 This function uses a reentrant model


 *************** function _setup_timer_0 *****************
 Defined at:
		line 14 in file "timer.c"
 Parameters:    Size  Location     Type
		None
 Auto vars:     Size  Location     Type
		None
 Return value:  Size  Location     Type
                  1  [STACK] void 
 Registers used:
		wreg, status,2
 Tracked objects:
		On entry : 
		On exit  : 
		Unchanged: 
 Data sizes:     COMRAM   BANK0   BANK1   BANK2   BANK3   BANK4   BANK5
      Params:         0       0       0       0       0       0       0
      Locals:         0       0       0       0       0       0       0
      Temps:          0       0       0       0       0       0       0
      Totals:         0       0       0       0       0       0       0
Total ram usage:        0 bytes
 Hardware stack levels used:    1
 Hardware stack levels required when called:    6
 This function calls:
		Nothing
 This function is called by:
		_os_config
 This function uses a reentrant model


 *************** function _config_tasks *****************
 Defined at:
		line 20 in file "tasks.c"
 Parameters:    Size  Location     Type
		None
 Auto vars:     Size  Location     Type
		None
 Return value:  Size  Location     Type
                  1  [STACK] void 
 Registers used:
		None
 Tracked objects:
		On entry : 
		On exit  : 
		Unchanged: 
 Data sizes:     COMRAM   BANK0   BANK1   BANK2   BANK3   BANK4   BANK5
      Params:         0       0       0       0       0       0       0
      Locals:         0       0       0       0       0       0       0
      Temps:          0       0       0       0       0       0       0
      Totals:         0       0       0       0       0       0       0
Total ram usage:        0 bytes
 Hardware stack levels used:    1
 Hardware stack levels required when called:    6
 This function calls:
		Nothing
 This function is called by:
		_os_config
 This function uses a reentrant model


 *************** function _task_idle *****************
 Defined at:
		line 102 in file "kernel.c"
 Parameters:    Size  Location     Type
		None
 Auto vars:     Size  Location     Type
		None
 Return value:  Size  Location     Type
                  1  [STACK] void 
 Registers used:
		None
 Tracked objects:
		On entry : 
		On exit  : 
		Unchanged: 
 Data sizes:     COMRAM   BANK0   BANK1   BANK2   BANK3   BANK4   BANK5
      Params:         0       0       0       0       0       0       0
      Locals:         0       0       0       0       0       0       0
      Temps:          0       0       0       0       0       0       0
      Totals:         0       0       0       0       0       0       0
Total ram usage:        0 bytes
 Hardware stack levels used:    1
 Hardware stack levels required when called:    4
 This function calls:
		Nothing
 This function is called by:
		_os_config
 This function uses a reentrant model


 *************** function _task_read_buttons *****************
 Defined at:
		line 29 in file "tasks.c"
 Parameters:    Size  Location     Type
		None
 Auto vars:     Size  Location     Type
  clothes         6  [STACK] struct clothes_control
  clothes         6  [STACK] struct clothes_control
 Return value:  Size  Location     Type
                  1  [STACK] void 
 Registers used:
		wreg, fsr0l, fsr0h, fsr1l, fsr1h, fsr2l, fsr2h, status,2, status,0, btemp+8, btemp+9, btemp+10, btemp+11, prodl, prodh
 Tracked objects:
		On entry : 
		On exit  : 
		Unchanged: 
 Data sizes:     COMRAM   BANK0   BANK1   BANK2   BANK3   BANK4   BANK5
      Params:         0       0       0       0       0       0       0
      Locals:         0       0       0       0       0       0       0
      Temps:          0       0       0       0       0       0       0
      Totals:         0       0       0       0       0       0       0
Total ram usage:        0 bytes
 Hardware stack levels used:    1
 Hardware stack levels required when called:    4
 This function calls:
		Nothing
 This function is called by:
		_main
 This function uses a reentrant model


 *************** function _check_wash *****************
 Defined at:
		line 60 in file "tasks.c"
 Parameters:    Size  Location     Type
		None
 Auto vars:     Size  Location     Type
  i               2  [STACK] int 
  next_clothes    6  [STACK] struct clothes_control
 Return value:  Size  Location     Type
                  1  [STACK] void 
 Registers used:
		wreg, fsr0l, fsr0h, fsr1l, fsr1h, fsr2l, fsr2h, status,2, status,0, btemp, btemp+8, btemp+9, btemp+10, btemp+11, prodl, prodh
 Tracked objects:
		On entry : 
		On exit  : 
		Unchanged: 
 Data sizes:     COMRAM   BANK0   BANK1   BANK2   BANK3   BANK4   BANK5
      Params:         0       0       0       0       0       0       0
      Locals:         0       0       0       0       0       0       0
      Temps:          0       0       0       0       0       0       0
      Totals:         0       0       0       0       0       0       0
Total ram usage:        0 bytes
 Hardware stack levels used:    1
 Hardware stack levels required when called:    5
 This function calls:
		_run_wash
 This function is called by:
		_main
 This function uses a reentrant model


 *************** function _run_wash *****************
 Defined at:
		line 90 in file "tasks.c"
 Parameters:    Size  Location     Type
  clothes_wash    6  [STACK] struct clothes_control
 Auto vars:     Size  Location     Type
		None
 Return value:  Size  Location     Type
                  1  [STACK] void 
 Registers used:
		wreg, fsr2l, fsr2h, status,2, status,0
 Tracked objects:
		On entry : 
		On exit  : 
		Unchanged: 
 Data sizes:     COMRAM   BANK0   BANK1   BANK2   BANK3   BANK4   BANK5
      Params:         0       0       0       0       0       0       0
      Locals:         0       0       0       0       0       0       0
      Temps:          0       0       0       0       0       0       0
      Totals:         0       0       0       0       0       0       0
Total ram usage:        0 bytes
 Hardware stack levels used:    1
 Hardware stack levels required when called:    4
 This function calls:
		Nothing
 This function is called by:
		_check_wash
 This function uses a reentrant model


 *************** function _check_ironing *****************
 Defined at:
		line 106 in file "tasks.c"
 Parameters:    Size  Location     Type
		None
 Auto vars:     Size  Location     Type
		None
 Return value:  Size  Location     Type
                  1  [STACK] void 
 Registers used:
		wreg, fsr0l, fsr0h, fsr1l, fsr1h, fsr2l, fsr2h, status,2, status,0, btemp+8, btemp+9, btemp+10, btemp+11, prodl, prodh
 Tracked objects:
		On entry : 
		On exit  : 
		Unchanged: 
 Data sizes:     COMRAM   BANK0   BANK1   BANK2   BANK3   BANK4   BANK5
      Params:         0       0       0       0       0       0       0
      Locals:         0       0       0       0       0       0       0
      Temps:          0       0       0       0       0       0       0
      Totals:         0       0       0       0       0       0       0
Total ram usage:        0 bytes
 Hardware stack levels used:    1
 Hardware stack levels required when called:    5
 This function calls:
		_run_ironing
 This function is called by:
		_main
 This function uses a reentrant model


 *************** function _run_ironing *****************
 Defined at:
		line 128 in file "tasks.c"
 Parameters:    Size  Location     Type
  clothes_iron    6  [STACK] struct clothes_control
 Auto vars:     Size  Location     Type
		None
 Return value:  Size  Location     Type
                  1  [STACK] void 
 Registers used:
		wreg, fsr0l, fsr0h, fsr1l, fsr1h, fsr2l, fsr2h, status,2, status,0, btemp+8, btemp+9, btemp+10, btemp+11, prodl, prodh
 Tracked objects:
		On entry : 
		On exit  : 
		Unchanged: 
 Data sizes:     COMRAM   BANK0   BANK1   BANK2   BANK3   BANK4   BANK5
      Params:         0       0       0       0       0       0       0
      Locals:         0       0       0       0       0       0       0
      Temps:          0       0       0       0       0       0       0
      Totals:         0       0       0       0       0       0       0
Total ram usage:        0 bytes
 Hardware stack levels used:    1
 Hardware stack levels required when called:    4
 This function calls:
		Nothing
 This function is called by:
		_check_ironing
 This function uses a reentrant model


 *************** function _IRQ_Timer0 *****************
 Defined at:
		line 46 in file "timer.c"
 Parameters:    Size  Location     Type
		None
 Auto vars:     Size  Location     Type
		None
 Return value:  Size  Location     Type
                  1    wreg      void 
 Registers used:
		wreg, fsr1l, fsr1h, fsr2l, fsr2h, status,2, status,0, btemp, btemp+1, btemp+8, btemp+9, btemp+10, btemp+11, prodl, prodh
 Tracked objects:
		On entry : 
		On exit  : 
		Unchanged: 
 Data sizes:     COMRAM   BANK0   BANK1   BANK2   BANK3   BANK4   BANK5
      Params:         0       0       0       0       0       0       0
      Locals:         0       0       0       0       0       0       0
      Temps:         14       0       0       0       0       0       0
      Totals:        14       0       0       0       0       0       0
Total ram usage:       14 bytes
 Hardware stack levels used:    1
 Hardware stack levels required when called:    3
 This function calls:
		___wmul
		_controle_delay
		_scheduler
 This function is called by:
		Interrupt level 2
 This function uses a non-reentrant model


 *************** function _scheduler *****************
 Defined at:
		line 11 in file "scheduler.c"
 Parameters:    Size  Location     Type
		None
 Auto vars:     Size  Location     Type
		None
 Return value:  Size  Location     Type
                  2  [STACK] unsigned int 
 Registers used:
		wreg, fsr1l, fsr1h, fsr2l, fsr2h, status,2, status,0, btemp, btemp+1, btemp+8, btemp+9, btemp+10, btemp+11, prodl, prodh
 Tracked objects:
		On entry : 
		On exit  : 
		Unchanged: 
 Data sizes:     COMRAM   BANK0   BANK1   BANK2   BANK3   BANK4   BANK5
      Params:         0       0       0       0       0       0       0
      Locals:         0       0       0       0       0       0       0
      Temps:          0       0       0       0       0       0       0
      Totals:         0       0       0       0       0       0       0
Total ram usage:        0 bytes
 Hardware stack levels used:    1
 Hardware stack levels required when called:    2
 This function calls:
		_rr_scheduler
 This function is called by:
		_IRQ_Timer0
 This function uses a reentrant model


 *************** function _rr_scheduler *****************
 Defined at:
		line 20 in file "scheduler.c"
 Parameters:    Size  Location     Type
		None
 Auto vars:     Size  Location     Type
  next_task       2  [STACK] unsigned int 
 Return value:  Size  Location     Type
                  2  [STACK] unsigned int 
 Registers used:
		wreg, fsr1l, fsr1h, fsr2l, fsr2h, status,2, status,0, btemp, btemp+1, btemp+8, btemp+9, btemp+10, btemp+11, prodl, prodh
 Tracked objects:
		On entry : 
		On exit  : 
		Unchanged: 
 Data sizes:     COMRAM   BANK0   BANK1   BANK2   BANK3   BANK4   BANK5
      Params:         0       0       0       0       0       0       0
      Locals:         0       0       0       0       0       0       0
      Temps:          0       0       0       0       0       0       0
      Totals:         0       0       0       0       0       0       0
Total ram usage:        0 bytes
 Hardware stack levels used:    1
 Hardware stack levels required when called:    1
 This function calls:
		___lwmod
 This function is called by:
		_scheduler
 This function uses a reentrant model


 *************** function ___lwmod *****************
 Defined at:
		line 7 in file "C:\Program Files\Microchip\xc8\v2.20\pic\sources\c99\common\lwmod.c"
 Parameters:    Size  Location     Type
  dividend        2  [STACK] unsigned int 
  divisor         2  [STACK] unsigned int 
 Auto vars:     Size  Location     Type
  counter         1  [STACK] unsigned char 
 Return value:  Size  Location     Type
                  2  [STACK] unsigned int 
 Registers used:
		wreg, fsr1l, fsr1h, status,2, status,0, btemp, btemp+1, btemp+8, btemp+9, btemp+10, btemp+11, prodl
 Tracked objects:
		On entry : 
		On exit  : 
		Unchanged: 
 Data sizes:     COMRAM   BANK0   BANK1   BANK2   BANK3   BANK4   BANK5
      Params:         0       0       0       0       0       0       0
      Locals:         0       0       0       0       0       0       0
      Temps:          0       0       0       0       0       0       0
      Totals:         0       0       0       0       0       0       0
Total ram usage:        0 bytes
 Hardware stack levels used:    1
 This function calls:
		Nothing
 This function is called by:
		_rr_scheduler
 This function uses a reentrant model


 *************** function _controle_delay *****************
 Defined at:
		line 25 in file "timer.c"
 Parameters:    Size  Location     Type
		None
 Auto vars:     Size  Location     Type
  i               2  [STACK] int 
  flag            2  [STACK] int 
 Return value:  Size  Location     Type
                  2  [STACK] unsigned int 
 Registers used:
		wreg, fsr1l, fsr1h, fsr2l, fsr2h, status,2, status,0, btemp, btemp+1, btemp+8, btemp+9, btemp+10, btemp+11, prodl, prodh
 Tracked objects:
		On entry : 
		On exit  : 
		Unchanged: 
 Data sizes:     COMRAM   BANK0   BANK1   BANK2   BANK3   BANK4   BANK5
      Params:         0       0       0       0       0       0       0
      Locals:         0       0       0       0       0       0       0
      Temps:          0       0       0       0       0       0       0
      Totals:         0       0       0       0       0       0       0
Total ram usage:        0 bytes
 Hardware stack levels used:    1
 This function calls:
		Nothing
 This function is called by:
		_IRQ_Timer0
 This function uses a reentrant model


 *************** function ___wmul *****************
 Defined at:
		line 15 in file "C:\Program Files\Microchip\xc8\v2.20\pic\sources\c99\common\Umul16.c"
 Parameters:    Size  Location     Type
  multiplier      2  [STACK] unsigned int 
  multiplicand    2  [STACK] unsigned int 
 Auto vars:     Size  Location     Type
  product         2  [STACK] unsigned int 
 Return value:  Size  Location     Type
                  2  [STACK] unsigned int 
 Registers used:
		wreg, fsr1l, fsr1h, fsr2l, fsr2h, status,2, status,0, btemp, btemp+1, btemp+11, prodl, prodh
 Tracked objects:
		On entry : 
		On exit  : 
		Unchanged: 
 Data sizes:     COMRAM   BANK0   BANK1   BANK2   BANK3   BANK4   BANK5
      Params:         0       0       0       0       0       0       0
      Locals:         0       0       0       0       0       0       0
      Temps:          0       0       0       0       0       0       0
      Totals:         0       0       0       0       0       0       0
Total ram usage:        0 bytes
 Hardware stack levels used:    1
 This function calls:
		Nothing
 This function is called by:
		_IRQ_Timer0
 This function uses a reentrant model



MODULE INFORMATION

Module		Function		Class		Link	Load	Size
timer.c
		_setup_timer_0 		CODE           	0D30	0000	17
		_controle_delay		CODE           	0546	0000	351
		_IRQ_Timer0    		CODE           	0008	0000	937

timer.c estimated size: 1305

C:\Program Files\Microchip\xc8\v2.20\pic\sources\c99\common\Umul16.c
		___wmul        		CODE           	0B04	0000	151

C:\Program Files\Microchip\xc8\v2.20\pic\sources\c99\common\Umul16.c estimated size: 151

C:\Program Files\Microchip\xc8\v2.20\pic\sources\c99\common\lwmod.c
		___lwmod       		CODE           	07FC	0000	233

C:\Program Files\Microchip\xc8\v2.20\pic\sources\c99\common\lwmod.c estimated size: 233

tasks.c
		_task_read_buttons		CODE           	06A4	0000	345
		_check_wash    		CODE           	03B8	0000	399
		_run_ironing   		CODE           	0B9A	0000	127
		_run_wash      		CODE           	0CBA	0000	69
		_check_ironing 		CODE           	09BC	0000	173
		_config_tasks  		CODE           	0D40	0000	13

tasks.c estimated size: 1126

kernel.c
		_task_create   		CODE           	08E4	0000	217
		_os_config     		CODE           	0CFE	0000	51
		_os_start      		CODE           	0D4C	0000	7
		_task_idle     		CODE           	0D52	0000	7

kernel.c estimated size: 282

shared
		__initialization		CODE           	0C18	0000	81

shared estimated size: 81

scheduler.c
		_rr_scheduler  		CODE           	0A68	0000	157
		_scheduler     		CODE           	0D58	0000	7

scheduler.c estimated size: 164

main.c
		_main          		CODE           	0C6E	0000	77

main.c estimated size: 77

